#
# There is insufficient memory for the Java Runtime Environment to continue.
# Native memory allocation (mmap) failed to map 65536 bytes for Failed to commit metaspace.
# Possible reasons:
#   The system is out of physical RAM or swap space
#   The process is running with CompressedOops enabled, and the Java Heap may be blocking the growth of the native heap
# Possible solutions:
#   Reduce memory load on the system
#   Increase physical memory or swap space
#   Check if swap backing store is full
#   Decrease Java heap size (-Xmx/-Xms)
#   Decrease number of Java threads
#   Decrease Java thread stack sizes (-Xss)
#   Set larger code cache with -XX:ReservedCodeCacheSize=
#   JVM is running with Unscaled Compressed Oops mode in which the Java heap is
#     placed in the first 4GB address space. The Java Heap base address is the
#     maximum limit for the native heap growth. Please use -XX:HeapBaseMinAddress
#     to set the Java Heap base and to place the Java Heap above 4GB virtual address.
# This output file may be truncated or incomplete.
#
#  Out of Memory Error (virtualSpaceNode.cpp:110), pid=4124, tid=3156
#
# JRE version: OpenJDK Runtime Environment Temurin-17.0.7+7 (17.0.7+7) (build 17.0.7+7)
# Java VM: OpenJDK 64-Bit Server VM Temurin-17.0.7+7 (17.0.7+7, mixed mode, emulated-client, tiered, compressed oops, compressed class ptrs, g1 gc, windows-amd64)
# No core dump will be written. Minidumps are not enabled by default on client versions of Windows
#

---------------  S U M M A R Y ------------

Command Line: -Dcom.sun.management.jmxremote -Dcom.sun.management.jmxremote.port=64968 -Dcom.sun.management.jmxremote.authenticate=false -Dcom.sun.management.jmxremote.ssl=false -Djava.rmi.server.hostname=localhost -Dspring.jmx.enabled=true -Dmanagement.endpoints.jmx.exposure.include=* -Dspring.application.admin.enabled=true -XX:TieredStopAtLevel=1 -Dspring.boot.project.name=Maa-Sharda-Academy -Dfile.encoding=UTF-8 -XX:+ShowCodeDetailsInExceptionMessages com.academy.MaaShardaAcademyApplication --spring.output.ansi.enabled=always

Host: Intel(R) Core(TM) i3-6006U CPU @ 2.00GHz, 4 cores, 3G,  Windows 10 , 64 bit Build 19041 (10.0.19041.7663)
Time: Fri Sep 18 04:55:26 2026 Pacific Daylight Time elapsed time: 11.467642 seconds (0d 0h 0m 11s)

---------------  T H R E A D  ---------------

Current thread (0x000001be8c2a8b20):  JavaThread "restartedMain" [_thread_in_vm, id=3156, stack(0x0000000ac9600000,0x0000000ac9700000)]

Stack: [0x0000000ac9600000,0x0000000ac9700000]
Native frames: (J=compiled Java code, j=interpreted, Vv=VM code, C=native code)
V  [jvm.dll+0x67754a]
V  [jvm.dll+0x834304]
V  [jvm.dll+0x835aae]
V  [jvm.dll+0x836113]
V  [jvm.dll+0x24696f]
V  [jvm.dll+0x83039b]
V  [jvm.dll+0x61c006]
V  [jvm.dll+0x1c169e]
V  [jvm.dll+0x61e961]
V  [jvm.dll+0x61c9a6]
V  [jvm.dll+0x23aeff]
V  [jvm.dll+0x626845]
V  [jvm.dll+0x1eb47b]
V  [jvm.dll+0x1eb9b5]
V  [jvm.dll+0x1ec3ef]
V  [jvm.dll+0x1e1891]
V  [jvm.dll+0x53ea50]
V  [jvm.dll+0x7afc28]
V  [jvm.dll+0x7afd14]
V  [jvm.dll+0x40de05]
V  [jvm.dll+0x413f58]
C  [java.dll+0x17ec]

Java frames: (J=compiled Java code, j=interpreted, Vv=VM code)
J 1260  java.lang.ClassLoader.defineClass1(Ljava/lang/ClassLoader;Ljava/lang/String;[BIILjava/security/ProtectionDomain;Ljava/lang/String;)Ljava/lang/Class; java.base@17.0.7 (0 bytes) @ 0x000001be803ea1db [0x000001be803ea120+0x00000000000000bb]
J 1422 c1 java.lang.ClassLoader.defineClass(Ljava/lang/String;[BIILjava/security/ProtectionDomain;)Ljava/lang/Class; java.base@17.0.7 (43 bytes) @ 0x000001be8042fd5c [0x000001be8042fc60+0x00000000000000fc]
J 1285 c1 jdk.internal.loader.BuiltinClassLoader.defineClass(Ljava/lang/String;Ljdk/internal/loader/Resource;)Ljava/lang/Class; java.base@17.0.7 (121 bytes) @ 0x000001be803fc044 [0x000001be803fbba0+0x00000000000004a4]
J 1284 c1 jdk.internal.loader.BuiltinClassLoader.findClassOnClassPathOrNull(Ljava/lang/String;)Ljava/lang/Class; java.base@17.0.7 (64 bytes) @ 0x000001be803fa244 [0x000001be803f9fa0+0x00000000000002a4]
J 981 c1 jdk.internal.loader.BuiltinClassLoader.loadClassOrNull(Ljava/lang/String;Z)Ljava/lang/Class; java.base@17.0.7 (143 bytes) @ 0x000001be8037aa44 [0x000001be8037a600+0x0000000000000444]
J 1210 c1 jdk.internal.loader.ClassLoaders$AppClassLoader.loadClass(Ljava/lang/String;Z)Ljava/lang/Class; java.base@17.0.7 (40 bytes) @ 0x000001be803daf24 [0x000001be803dade0+0x0000000000000144]
J 1185 c1 java.lang.ClassLoader.loadClass(Ljava/lang/String;)Ljava/lang/Class; java.base@17.0.7 (7 bytes) @ 0x000001be803d1264 [0x000001be803d1220+0x0000000000000044]
v  ~StubRoutines::call_stub
j  net.bytebuddy.implementation.MethodCall.appender(Lnet/bytebuddy/implementation/Implementation$Target;)Lnet/bytebuddy/implementation/bytecode/ByteCodeAppender;+0
j  net.bytebuddy.dynamic.scaffold.MethodRegistry$Handler$ForImplementation.compile(Lnet/bytebuddy/implementation/Implementation$Target;)Lnet/bytebuddy/dynamic/scaffold/MethodRegistry$Handler$ForImplementation$Compiled;+9
j  net.bytebuddy.dynamic.scaffold.MethodRegistry$Handler$ForImplementation.compile(Lnet/bytebuddy/implementation/Implementation$Target;)Lnet/bytebuddy/dynamic/scaffold/MethodRegistry$Handler$Compiled;+2
j  net.bytebuddy.dynamic.scaffold.MethodRegistry$Default$Prepared.compile(Lnet/bytebuddy/implementation/Implementation$Target$Factory;Lnet/bytebuddy/ClassFileVersion;)Lnet/bytebuddy/dynamic/scaffold/MethodRegistry$Compiled;+123
j  net.bytebuddy.dynamic.scaffold.subclass.SubclassDynamicTypeBuilder.toTypeWriter(Lnet/bytebuddy/pool/TypePool;)Lnet/bytebuddy/dynamic/scaffold/TypeWriter;+60
j  net.bytebuddy.dynamic.scaffold.subclass.SubclassDynamicTypeBuilder.toTypeWriter()Lnet/bytebuddy/dynamic/scaffold/TypeWriter;+4
j  net.bytebuddy.dynamic.DynamicType$Builder$AbstractBase$UsingTypeWriter.make(Lnet/bytebuddy/dynamic/TypeResolutionStrategy;)Lnet/bytebuddy/dynamic/DynamicType$Unloaded;+1
j  net.bytebuddy.dynamic.DynamicType$Builder$AbstractBase.make()Lnet/bytebuddy/dynamic/DynamicType$Unloaded;+4
j  net.bytebuddy.dynamic.DynamicType$Builder$AbstractBase$Delegator.make()Lnet/bytebuddy/dynamic/DynamicType$Unloaded;+4
j  org.hibernate.bytecode.internal.bytebuddy.ByteBuddyState.make(Lnet/bytebuddy/pool/TypePool;Lnet/bytebuddy/dynamic/DynamicType$Builder;)Lnet/bytebuddy/dynamic/DynamicType$Unloaded;+27
j  org.hibernate.bytecode.internal.bytebuddy.ByteBuddyState.make(Lnet/bytebuddy/dynamic/DynamicType$Builder;)Lnet/bytebuddy/dynamic/DynamicType$Unloaded;+3
j  org.hibernate.bytecode.internal.bytebuddy.ByteBuddyState.load(Ljava/lang/Class;Ljava/util/function/Function;)Ljava/lang/Class;+14
j  org.hibernate.bytecode.internal.bytebuddy.BytecodeProviderImpl.getReflectionOptimizer(Ljava/lang/Class;Ljava/util/Map;)Lorg/hibernate/bytecode/spi/ReflectionOptimizer;+57
j  org.hibernate.metamodel.internal.EntityRepresentationStrategyPojoStandard.resolveReflectionOptimizer(Lorg/hibernate/bytecode/spi/BytecodeProvider;)Lorg/hibernate/bytecode/spi/ReflectionOptimizer;+14
j  org.hibernate.metamodel.internal.EntityRepresentationStrategyPojoStandard.<init>(Lorg/hibernate/mapping/PersistentClass;Lorg/hibernate/persister/entity/EntityPersister;Lorg/hibernate/metamodel/spi/RuntimeModelCreationContext;)V+297
j  org.hibernate.metamodel.internal.ManagedTypeRepresentationResolverStandard.resolveStrategy(Lorg/hibernate/mapping/PersistentClass;Lorg/hibernate/persister/entity/EntityPersister;Lorg/hibernate/metamodel/spi/RuntimeModelCreationContext;)Lorg/hibernate/metamodel/spi/EntityRepresentationStrategy;+53
j  org.hibernate.persister.entity.AbstractEntityPersister.<init>(Lorg/hibernate/mapping/PersistentClass;Lorg/hibernate/cache/spi/access/EntityDataAccess;Lorg/hibernate/cache/spi/access/NaturalIdDataAccess;Lorg/hibernate/metamodel/spi/RuntimeModelCreationContext;)V+281
j  org.hibernate.persister.entity.SingleTableEntityPersister.<init>(Lorg/hibernate/mapping/PersistentClass;Lorg/hibernate/cache/spi/access/EntityDataAccess;Lorg/hibernate/cache/spi/access/NaturalIdDataAccess;Lorg/hibernate/metamodel/spi/RuntimeModelCreationContext;)V+6
v  ~StubRoutines::call_stub
J 1463  jdk.internal.reflect.NativeConstructorAccessorImpl.newInstance0(Ljava/lang/reflect/Constructor;[Ljava/lang/Object;)Ljava/lang/Object; java.base@17.0.7 (0 bytes) @ 0x000001be8043e306 [0x000001be8043e2a0+0x0000000000000066]
J 1462 c1 jdk.internal.reflect.NativeConstructorAccessorImpl.newInstance([Ljava/lang/Object;)Ljava/lang/Object; java.base@17.0.7 (122 bytes) @ 0x000001be8043f81c [0x000001be8043f580+0x000000000000029c]
J 1323 c1 jdk.internal.reflect.DelegatingConstructorAccessorImpl.newInstance([Ljava/lang/Object;)Ljava/lang/Object; java.base@17.0.7 (9 bytes) @ 0x000001be8040b4e4 [0x000001be8040b4a0+0x0000000000000044]
J 1246 c1 java.lang.reflect.Constructor.newInstanceWithCaller([Ljava/lang/Object;ZLjava/lang/Class;)Ljava/lang/Object; java.base@17.0.7 (75 bytes) @ 0x000001be803e4d2c [0x000001be803e4c60+0x00000000000000cc]
J 1305 c1 java.lang.reflect.Constructor.newInstance([Ljava/lang/Object;)Ljava/lang/Object; java.base@17.0.7 (34 bytes) @ 0x000001be80403c4c [0x000001be80403bc0+0x000000000000008c]
j  org.hibernate.persister.internal.PersisterFactoryImpl.createEntityPersister(Ljava/lang/Class;Lorg/hibernate/mapping/PersistentClass;Lorg/hibernate/cache/spi/access/EntityDataAccess;Lorg/hibernate/cache/spi/access/NaturalIdDataAccess;Lorg/hibernate/metamodel/spi/RuntimeModelCreationContext;)Lorg/hibernate/persister/entity/EntityPersister;+31
j  org.hibernate.persister.internal.PersisterFactoryImpl.createEntityPersister(Lorg/hibernate/mapping/PersistentClass;Lorg/hibernate/cache/spi/access/EntityDataAccess;Lorg/hibernate/cache/spi/access/NaturalIdDataAccess;Lorg/hibernate/metamodel/spi/RuntimeModelCreationContext;)Lorg/hibernate/persister/entity/EntityPersister;+31
j  org.hibernate.metamodel.model.domain.internal.MappingMetamodelImpl.processBootEntities(Ljava/util/Collection;Lorg/hibernate/cache/spi/CacheImplementor;Lorg/hibernate/persister/spi/PersisterFactory;Lorg/hibernate/metamodel/spi/RuntimeModelCreationContext;)V+76
j  org.hibernate.metamodel.model.domain.internal.MappingMetamodelImpl.finishInitialization(Lorg/hibernate/metamodel/spi/RuntimeModelCreationContext;)V+90
j  org.hibernate.internal.SessionFactoryImpl.initializeMappingModel(Lorg/hibernate/metamodel/model/domain/internal/MappingMetamodelImpl;Lorg/hibernate/boot/spi/BootstrapContext;Lorg/hibernate/boot/spi/MetadataImplementor;Lorg/hibernate/boot/spi/SessionFactoryOptions;)V+18
j  org.hibernate.internal.SessionFactoryImpl.<init>(Lorg/hibernate/boot/spi/MetadataImplementor;Lorg/hibernate/boot/spi/SessionFactoryOptions;Lorg/hibernate/boot/spi/BootstrapContext;)V+599
j  org.hibernate.boot.internal.SessionFactoryBuilderImpl.build()Lorg/hibernate/SessionFactory;+16
j  org.hibernate.jpa.boot.internal.EntityManagerFactoryBuilderImpl.build()Ljakarta/persistence/EntityManagerFactory;+22
j  org.springframework.orm.jpa.vendor.SpringHibernateJpaPersistenceProvider.createContainerEntityManagerFactory(Ljakarta/persistence/spi/PersistenceUnitInfo;Ljava/util/Map;)Ljakarta/persistence/EntityManagerFactory;+59
j  org.springframework.orm.jpa.LocalContainerEntityManagerFactoryBean.createNativeEntityManagerFactory()Ljakarta/persistence/EntityManagerFactory;+111
j  org.springframework.orm.jpa.AbstractEntityManagerFactoryBean.buildNativeEntityManagerFactory()Ljakarta/persistence/EntityManagerFactory;+1
j  org.springframework.orm.jpa.AbstractEntityManagerFactoryBean.afterPropertiesSet()V+192
j  org.springframework.orm.jpa.LocalContainerEntityManagerFactoryBean.afterPropertiesSet()V+81
j  org.springframework.beans.factory.support.AbstractAutowireCapableBeanFactory.invokeInitMethods(Ljava/lang/String;Ljava/lang/Object;Lorg/springframework/beans/factory/support/RootBeanDefinition;)V+56
j  org.springframework.beans.factory.support.AbstractAutowireCapableBeanFactory.initializeBean(Ljava/lang/String;Ljava/lang/Object;Lorg/springframework/beans/factory/support/RootBeanDefinition;)Ljava/lang/Object;+34
j  org.springframework.beans.factory.support.AbstractAutowireCapableBeanFactory.doCreateBean(Ljava/lang/String;Lorg/springframework/beans/factory/support/RootBeanDefinition;[Ljava/lang/Object;)Ljava/lang/Object;+228
j  org.springframework.beans.factory.support.AbstractAutowireCapableBeanFactory.createBean(Ljava/lang/String;Lorg/springframework/beans/factory/support/RootBeanDefinition;[Ljava/lang/Object;)Ljava/lang/Object;+153
j  org.springframework.beans.factory.support.AbstractBeanFactory.lambda$doGetBean$0(Ljava/lang/String;Lorg/springframework/beans/factory/support/RootBeanDefinition;[Ljava/lang/Object;)Ljava/lang/Object;+4
j  org.springframework.beans.factory.support.AbstractBeanFactory$$Lambda$396+0x00000001002f31f0.getObject()Ljava/lang/Object;+16
j  org.springframework.beans.factory.support.DefaultSingletonBeanRegistry.getSingleton(Ljava/lang/String;Lorg/springframework/beans/factory/ObjectFactory;)Ljava/lang/Object;+268
J 2841 c1 org.springframework.beans.factory.support.AbstractBeanFactory.doGetBean(Ljava/lang/String;Ljava/lang/Class;[Ljava/lang/Object;Z)Ljava/lang/Object; (787 bytes) @ 0x000001be8066bf44 [0x000001be8066b980+0x00000000000005c4]
j  org.springframework.beans.factory.support.AbstractBeanFactory.getBean(Ljava/lang/String;)Ljava/lang/Object;+5
j  org.springframework.beans.factory.support.BeanDefinitionValueResolver.resolveReference(Ljava/lang/Object;Lorg/springframework/beans/factory/config/RuntimeBeanReference;)Ljava/lang/Object;+145
j  org.springframework.beans.factory.support.BeanDefinitionValueResolver.resolveValueIfNecessary(Ljava/lang/Object;Ljava/lang/Object;)Ljava/lang/Object;+15
j  org.springframework.beans.factory.support.ConstructorResolver.resolveConstructorArguments(Ljava/lang/String;Lorg/springframework/beans/factory/support/RootBeanDefinition;Lorg/springframework/beans/BeanWrapper;Lorg/springframework/beans/factory/config/ConstructorArgumentValues;Lorg/springframework/beans/factory/config/ConstructorArgumentValues;)I+182
j  org.springframework.beans.factory.support.ConstructorResolver.instantiateUsingFactoryMethod(Ljava/lang/String;Lorg/springframework/beans/factory/support/RootBeanDefinition;[Ljava/lang/Object;)Lorg/springframework/beans/BeanWrapper;+588
j  org.springframework.beans.factory.support.AbstractAutowireCapableBeanFactory.instantiateUsingFactoryMethod(Ljava/lang/String;Lorg/springframework/beans/factory/support/RootBeanDefinition;[Ljava/lang/Object;)Lorg/springframework/beans/BeanWrapper;+11
j  org.springframework.beans.factory.support.AbstractAutowireCapableBeanFactory.createBeanInstance(Ljava/lang/String;Lorg/springframework/beans/factory/support/RootBeanDefinition;[Ljava/lang/Object;)Lorg/springframework/beans/BeanWrapper;+93
j  org.springframework.beans.factory.support.AbstractAutowireCapableBeanFactory.doCreateBean(Ljava/lang/String;Lorg/springframework/beans/factory/support/RootBeanDefinition;[Ljava/lang/Object;)Ljava/lang/Object;+34
j  org.springframework.beans.factory.support.AbstractAutowireCapableBeanFactory.createBean(Ljava/lang/String;Lorg/springframework/beans/factory/support/RootBeanDefinition;[Ljava/lang/Object;)Ljava/lang/Object;+153
j  org.springframework.beans.factory.support.AbstractBeanFactory.lambda$doGetBean$0(Ljava/lang/String;Lorg/springframework/beans/factory/support/RootBeanDefinition;[Ljava/lang/Object;)Ljava/lang/Object;+4
j  org.springframework.beans.factory.support.AbstractBeanFactory$$Lambda$396+0x00000001002f31f0.getObject()Ljava/lang/Object;+16
j  org.springframework.beans.factory.support.DefaultSingletonBeanRegistry.getSingleton(Ljava/lang/String;Lorg/springframework/beans/factory/ObjectFactory;)Ljava/lang/Object;+268
J 2841 c1 org.springframework.beans.factory.support.AbstractBeanFactory.doGetBean(Ljava/lang/String;Ljava/lang/Class;[Ljava/lang/Object;Z)Ljava/lang/Object; (787 bytes) @ 0x000001be8066bf44 [0x000001be8066b980+0x00000000000005c4]
j  org.springframework.beans.factory.support.AbstractBeanFactory.getBean(Ljava/lang/String;)Ljava/lang/Object;+5
j  org.springframework.beans.factory.support.BeanDefinitionValueResolver.resolveReference(Ljava/lang/Object;Lorg/springframework/beans/factory/config/RuntimeBeanReference;)Ljava/lang/Object;+145
j  org.springframework.beans.factory.support.BeanDefinitionValueResolver.resolveValueIfNecessary(Ljava/lang/Object;Ljava/lang/Object;)Ljava/lang/Object;+15
j  org.springframework.beans.factory.support.AbstractAutowireCapableBeanFactory.applyPropertyValues(Ljava/lang/String;Lorg/springframework/beans/factory/config/BeanDefinition;Lorg/springframework/beans/BeanWrapper;Lorg/springframework/beans/PropertyValues;)V+274
j  org.springframework.beans.factory.support.AbstractAutowireCapableBeanFactory.populateBean(Ljava/lang/String;Lorg/springframework/beans/factory/support/RootBeanDefinition;Lorg/springframework/beans/BeanWrapper;)V+351
j  org.springframework.beans.factory.support.AbstractAutowireCapableBeanFactory.doCreateBean(Ljava/lang/String;Lorg/springframework/beans/factory/support/RootBeanDefinition;[Ljava/lang/Object;)Ljava/lang/Object;+220
j  org.springframework.beans.factory.support.AbstractAutowireCapableBeanFactory.createBean(Ljava/lang/String;Lorg/springframework/beans/factory/support/RootBeanDefinition;[Ljava/lang/Object;)Ljava/lang/Object;+153
j  org.springframework.beans.factory.support.AbstractBeanFactory.lambda$doGetBean$0(Ljava/lang/String;Lorg/springframework/beans/factory/support/RootBeanDefinition;[Ljava/lang/Object;)Ljava/lang/Object;+4
j  org.springframework.beans.factory.support.AbstractBeanFactory$$Lambda$396+0x00000001002f31f0.getObject()Ljava/lang/Object;+16
j  org.springframework.beans.factory.support.DefaultSingletonBeanRegistry.getSingleton(Ljava/lang/String;Lorg/springframework/beans/factory/ObjectFactory;)Ljava/lang/Object;+268
J 2841 c1 org.springframework.beans.factory.support.AbstractBeanFactory.doGetBean(Ljava/lang/String;Ljava/lang/Class;[Ljava/lang/Object;Z)Ljava/lang/Object; (787 bytes) @ 0x000001be8066bf44 [0x000001be8066b980+0x00000000000005c4]
j  org.springframework.beans.factory.support.AbstractBeanFactory.getBean(Ljava/lang/String;)Ljava/lang/Object;+5
j  org.springframework.beans.factory.support.DefaultListableBeanFactory.doResolveDependency(Lorg/springframework/beans/factory/config/DependencyDescriptor;Ljava/lang/String;Ljava/util/Set;Lorg/springframework/beans/TypeConverter;)Ljava/lang/Object;+346
j  org.springframework.beans.factory.support.DefaultListableBeanFactory.resolveDependency(Lorg/springframework/beans/factory/config/DependencyDescriptor;Ljava/lang/String;Ljava/util/Set;Lorg/springframework/beans/TypeConverter;)Ljava/lang/Object;+117
j  org.springframework.beans.factory.support.ConstructorResolver.resolveAutowiredArgument(Lorg/springframework/beans/factory/config/DependencyDescriptor;Ljava/lang/Class;Ljava/lang/String;Ljava/util/Set;Lorg/springframework/beans/TypeConverter;Z)Ljava/lang/Object;+53
j  org.springframework.beans.factory.support.ConstructorResolver.createArgumentArray(Ljava/lang/String;Lorg/springframework/beans/factory/support/RootBeanDefinition;Lorg/springframework/beans/factory/config/ConstructorArgumentValues;Lorg/springframework/beans/BeanWrapper;[Ljava/lang/Class;[Ljava/lang/String;Ljava/lang/reflect/Executable;ZZ)Lorg/springframework/beans/factory/support/ConstructorResolver$ArgumentsHolder;+420
j  org.springframework.beans.factory.support.ConstructorResolver.autowireConstructor(Ljava/lang/String;Lorg/springframework/beans/factory/support/RootBeanDefinition;[Ljava/lang/reflect/Constructor;[Ljava/lang/Object;)Lorg/springframework/beans/BeanWrapper;+530
j  org.springframework.beans.factory.support.AbstractAutowireCapableBeanFactory.autowireConstructor(Ljava/lang/String;Lorg/springframework/beans/factory/support/RootBeanDefinition;[Ljava/lang/reflect/Constructor;[Ljava/lang/Object;)Lorg/springframework/beans/BeanWrapper;+13
j  org.springframework.beans.factory.support.AbstractAutowireCapableBeanFactory.createBeanInstance(Ljava/lang/String;Lorg/springframework/beans/factory/support/RootBeanDefinition;[Ljava/lang/Object;)Lorg/springframework/beans/BeanWrapper;+213
j  org.springframework.beans.factory.support.AbstractAutowireCapableBeanFactory.doCreateBean(Ljava/lang/String;Lorg/springframework/beans/factory/support/RootBeanDefinition;[Ljava/lang/Object;)Ljava/lang/Object;+34
j  org.springframework.beans.factory.support.AbstractAutowireCapableBeanFactory.createBean(Ljava/lang/String;Lorg/springframework/beans/factory/support/RootBeanDefinition;[Ljava/lang/Object;)Ljava/lang/Object;+153
j  org.springframework.beans.factory.support.AbstractBeanFactory.lambda$doGetBean$0(Ljava/lang/String;Lorg/springframework/beans/factory/support/RootBeanDefinition;[Ljava/lang/Object;)Ljava/lang/Object;+4
j  org.springframework.beans.factory.support.AbstractBeanFactory$$Lambda$396+0x00000001002f31f0.getObject()Ljava/lang/Object;+16
j  org.springframework.beans.factory.support.DefaultSingletonBeanRegistry.getSingleton(Ljava/lang/String;Lorg/springframework/beans/factory/ObjectFactory;)Ljava/lang/Object;+268
J 2841 c1 org.springframework.beans.factory.support.AbstractBeanFactory.doGetBean(Ljava/lang/String;Ljava/lang/Class;[Ljava/lang/Object;Z)Ljava/lang/Object; (787 bytes) @ 0x000001be8066bf44 [0x000001be8066b980+0x00000000000005c4]
j  org.springframework.beans.factory.support.AbstractBeanFactory.getBean(Ljava/lang/String;)Ljava/lang/Object;+5
j  org.springframework.beans.factory.config.DependencyDescriptor.resolveCandidate(Ljava/lang/String;Ljava/lang/Class;Lorg/springframework/beans/factory/BeanFactory;)Ljava/lang/Object;+2
j  org.springframework.beans.factory.support.DefaultListableBeanFactory.doResolveDependency(Lorg/springframework/beans/factory/config/DependencyDescriptor;Ljava/lang/String;Ljava/util/Set;Lorg/springframework/beans/TypeConverter;)Ljava/lang/Object;+641
j  org.springframework.beans.factory.support.DefaultListableBeanFactory.resolveDependency(Lorg/springframework/beans/factory/config/DependencyDescriptor;Ljava/lang/String;Ljava/util/Set;Lorg/springframework/beans/TypeConverter;)Ljava/lang/Object;+117
j  org.springframework.beans.factory.support.ConstructorResolver.resolveAutowiredArgument(Lorg/springframework/beans/factory/config/DependencyDescriptor;Ljava/lang/Class;Ljava/lang/String;Ljava/util/Set;Lorg/springframework/beans/TypeConverter;Z)Ljava/lang/Object;+53
j  org.springframework.beans.factory.support.ConstructorResolver.createArgumentArray(Ljava/lang/String;Lorg/springframework/beans/factory/support/RootBeanDefinition;Lorg/springframework/beans/factory/config/ConstructorArgumentValues;Lorg/springframework/beans/BeanWrapper;[Ljava/lang/Class;[Ljava/lang/String;Ljava/lang/reflect/Executable;ZZ)Lorg/springframework/beans/factory/support/ConstructorResolver$ArgumentsHolder;+420
j  org.springframework.beans.factory.support.ConstructorResolver.autowireConstructor(Ljava/lang/String;Lorg/springframework/beans/factory/support/RootBeanDefinition;[Ljava/lang/reflect/Constructor;[Ljava/lang/Object;)Lorg/springframework/beans/BeanWrapper;+530
j  org.springframework.beans.factory.support.AbstractAutowireCapableBeanFactory.autowireConstructor(Ljava/lang/String;Lorg/springframework/beans/factory/support/RootBeanDefinition;[Ljava/lang/reflect/Constructor;[Ljava/lang/Object;)Lorg/springframework/beans/BeanWrapper;+13
j  org.springframework.beans.factory.support.AbstractAutowireCapableBeanFactory.createBeanInstance(Ljava/lang/String;Lorg/springframework/beans/factory/support/RootBeanDefinition;[Ljava/lang/Object;)Lorg/springframework/beans/BeanWrapper;+213
j  org.springframework.beans.factory.support.AbstractAutowireCapableBeanFactory.doCreateBean(Ljava/lang/String;Lorg/springframework/beans/factory/support/RootBeanDefinition;[Ljava/lang/Object;)Ljava/lang/Object;+34
j  org.springframework.beans.factory.support.AbstractAutowireCapableBeanFactory.createBean(Ljava/lang/String;Lorg/springframework/beans/factory/support/RootBeanDefinition;[Ljava/lang/Object;)Ljava/lang/Object;+153
j  org.springframework.beans.factory.support.AbstractBeanFactory.lambda$doGetBean$0(Ljava/lang/String;Lorg/springframework/beans/factory/support/RootBeanDefinition;[Ljava/lang/Object;)Ljava/lang/Object;+4
j  org.springframework.beans.factory.support.AbstractBeanFactory$$Lambda$396+0x00000001002f31f0.getObject()Ljava/lang/Object;+16
j  org.springframework.beans.factory.support.DefaultSingletonBeanRegistry.getSingleton(Ljava/lang/String;Lorg/springframework/beans/factory/ObjectFactory;)Ljava/lang/Object;+268
J 2841 c1 org.springframework.beans.factory.support.AbstractBeanFactory.doGetBean(Ljava/lang/String;Ljava/lang/Class;[Ljava/lang/Object;Z)Ljava/lang/Object; (787 bytes) @ 0x000001be8066bf44 [0x000001be8066b980+0x00000000000005c4]
J 2846 c1 org.springframework.beans.factory.support.AbstractBeanFactory.getBean(Ljava/lang/String;Ljava/lang/Class;)Ljava/lang/Object; (9 bytes) @ 0x000001be806697e4 [0x000001be806697a0+0x0000000000000044]
j  org.springframework.boot.web.servlet.ServletContextInitializerBeans.getOrderedBeansOfType(Lorg/springframework/beans/factory/ListableBeanFactory;Ljava/lang/Class;Lorg/springframework/boot/web/servlet/ServletContextInitializerBeans$Seen;)Ljava/util/List;+68
j  org.springframework.boot.web.servlet.ServletContextInitializerBeans.addAsRegistrationBean(Lorg/springframework/beans/factory/ListableBeanFactory;Ljava/lang/Class;Ljava/lang/Class;Lorg/springframework/boot/web/servlet/ServletContextInitializerBeans$RegistrationBeanAdapter;)V+7
j  org.springframework.boot.web.servlet.ServletContextInitializerBeans.addAsRegistrationBean(Lorg/springframework/beans/factory/ListableBeanFactory;Ljava/lang/Class;Lorg/springframework/boot/web/servlet/ServletContextInitializerBeans$RegistrationBeanAdapter;)V+5
j  org.springframework.boot.web.servlet.ServletContextInitializerBeans.addAdaptableBeans(Lorg/springframework/beans/factory/ListableBeanFactory;)V+32
j  org.springframework.boot.web.servlet.ServletContextInitializerBeans.<init>(Lorg/springframework/beans/factory/ListableBeanFactory;[Ljava/lang/Class;)V+54
j  org.springframework.boot.web.servlet.context.ServletWebServerApplicationContext.getServletContextInitializerBeans()Ljava/util/Collection;+12
j  org.springframework.boot.web.servlet.context.ServletWebServerApplicationContext.selfInitialize(Ljakarta/servlet/ServletContext;)V+19
j  org.springframework.boot.web.servlet.context.ServletWebServerApplicationContext$$Lambda$824+0x00000001004e4ce8.onStartup(Ljakarta/servlet/ServletContext;)V+5
j  org.springframework.boot.web.embedded.tomcat.TomcatStarter.onStartup(Ljava/util/Set;Ljakarta/servlet/ServletContext;)V+28
j  org.apache.catalina.core.StandardContext.startInternal()V+1059
j  org.apache.catalina.util.LifecycleBase.start()V+210
j  org.apache.catalina.core.ContainerBase$StartChild.call()Ljava/lang/Void;+4
j  org.apache.catalina.core.ContainerBase$StartChild.call()Ljava/lang/Object;+1
j  java.util.concurrent.FutureTask.run()V+39 java.base@17.0.7
j  org.apache.tomcat.util.threads.InlineExecutorService.execute(Ljava/lang/Runnable;)V+38
j  java.util.concurrent.AbstractExecutorService.submit(Ljava/util/concurrent/Callable;)Ljava/util/concurrent/Future;+20 java.base@17.0.7
j  org.apache.catalina.core.ContainerBase.startInternal()V+116
j  org.apache.catalina.core.StandardHost.startInternal()V+179
j  org.apache.catalina.util.LifecycleBase.start()V+210
j  org.apache.catalina.core.ContainerBase$StartChild.call()Ljava/lang/Void;+4
j  org.apache.catalina.core.ContainerBase$StartChild.call()Ljava/lang/Object;+1
j  java.util.concurrent.FutureTask.run()V+39 java.base@17.0.7
j  org.apache.tomcat.util.threads.InlineExecutorService.execute(Ljava/lang/Runnable;)V+38
j  java.util.concurrent.AbstractExecutorService.submit(Ljava/util/concurrent/Callable;)Ljava/util/concurrent/Future;+20 java.base@17.0.7
j  org.apache.catalina.core.ContainerBase.startInternal()V+116
j  org.apache.catalina.core.StandardEngine.startInternal()V+38
j  org.apache.catalina.util.LifecycleBase.start()V+210
j  org.apache.catalina.core.StandardService.startInternal()V+57
j  org.apache.catalina.util.LifecycleBase.start()V+210
j  org.apache.catalina.core.StandardServer.startInternal()V+84
j  org.apache.catalina.util.LifecycleBase.start()V+210
j  org.apache.catalina.startup.Tomcat.start()V+9
j  org.springframework.boot.web.embedded.tomcat.TomcatWebServer.initialize()V+55
j  org.springframework.boot.web.embedded.tomcat.TomcatWebServer.<init>(Lorg/apache/catalina/startup/Tomcat;ZLorg/springframework/boot/web/server/Shutdown;)V+66
j  org.springframework.boot.web.embedded.tomcat.TomcatServletWebServerFactory.getTomcatWebServer(Lorg/apache/catalina/startup/Tomcat;)Lorg/springframework/boot/web/embedded/tomcat/TomcatWebServer;+21
j  org.springframework.boot.web.embedded.tomcat.TomcatServletWebServerFactory.getWebServer([Lorg/springframework/boot/web/servlet/ServletContextInitializer;)Lorg/springframework/boot/web/server/WebServer;+226
j  org.springframework.boot.web.servlet.context.ServletWebServerApplicationContext.createWebServer()V+67
j  org.springframework.boot.web.servlet.context.ServletWebServerApplicationContext.onRefresh()V+5
j  org.springframework.context.support.AbstractApplicationContext.refresh()V+85
j  org.springframework.boot.web.servlet.context.ServletWebServerApplicationContext.refresh()V+1
j  org.springframework.boot.SpringApplication.refresh(Lorg/springframework/context/ConfigurableApplicationContext;)V+1
j  org.springframework.boot.SpringApplication.refreshContext(Lorg/springframework/context/ConfigurableApplicationContext;)V+19
j  org.springframework.boot.SpringApplication.run([Ljava/lang/String;)Lorg/springframework/context/ConfigurableApplicationContext;+113
j  org.springframework.boot.SpringApplication.run([Ljava/lang/Class;[Ljava/lang/String;)Lorg/springframework/context/ConfigurableApplicationContext;+9
j  org.springframework.boot.SpringApplication.run(Ljava/lang/Class;[Ljava/lang/String;)Lorg/springframework/context/ConfigurableApplicationContext;+9
j  com.academy.MaaShardaAcademyApplication.main([Ljava/lang/String;)V+3
v  ~StubRoutines::call_stub
j  jdk.internal.reflect.NativeMethodAccessorImpl.invoke0(Ljava/lang/reflect/Method;Ljava/lang/Object;[Ljava/lang/Object;)Ljava/lang/Object;+0 java.base@17.0.7
j  jdk.internal.reflect.NativeMethodAccessorImpl.invoke(Ljava/lang/Object;[Ljava/lang/Object;)Ljava/lang/Object;+133 java.base@17.0.7
j  jdk.internal.reflect.DelegatingMethodAccessorImpl.invoke(Ljava/lang/Object;[Ljava/lang/Object;)Ljava/lang/Object;+6 java.base@17.0.7
j  java.lang.reflect.Method.invoke(Ljava/lang/Object;[Ljava/lang/Object;)Ljava/lang/Object;+59 java.base@17.0.7
j  org.springframework.boot.devtools.restart.RestartLauncher.run()V+47
v  ~StubRoutines::call_stub

---------------  P R O C E S S  ---------------

Threads class SMR info:
_java_thread_list=0x000001be8b922cd0, length=25, elements={
0x000001befb61f5b0, 0x000001beff5af800, 0x000001beff5b06c0, 0x000001beff5980c0,
0x000001beff598980, 0x000001beff5d5bc0, 0x000001beff5d8840, 0x000001beff5d8d10,
0x000001beff606dc0, 0x000001be8b12c6a0, 0x000001beff52c0d0, 0x000001beff52c5e0,
0x000001be8b29c210, 0x000001be8b842870, 0x000001be8b842ec0, 0x000001be8b9e64c0,
0x000001be8bbe0d70, 0x000001be8bbf96c0, 0x000001be8bbf9b90, 0x000001be8bc29a70,
0x000001be8c2a9990, 0x000001be8c2a8b20, 0x000001be8c2a9e60, 0x000001be8c2aa330,
0x000001be8c2a94c0
}

Java Threads: ( => current thread )
  0x000001befb61f5b0 JavaThread "main" [_thread_blocked, id=7096, stack(0x0000000ac7400000,0x0000000ac7500000)]
  0x000001beff5af800 JavaThread "Reference Handler" daemon [_thread_blocked, id=20416, stack(0x0000000ac7b00000,0x0000000ac7c00000)]
  0x000001beff5b06c0 JavaThread "Finalizer" daemon [_thread_blocked, id=1780, stack(0x0000000ac7c00000,0x0000000ac7d00000)]
  0x000001beff5980c0 JavaThread "Signal Dispatcher" daemon [_thread_blocked, id=19984, stack(0x0000000ac7d00000,0x0000000ac7e00000)]
  0x000001beff598980 JavaThread "Attach Listener" daemon [_thread_blocked, id=9528, stack(0x0000000ac7e00000,0x0000000ac7f00000)]
  0x000001beff5d5bc0 JavaThread "Service Thread" daemon [_thread_blocked, id=2236, stack(0x0000000ac7f00000,0x0000000ac8000000)]
  0x000001beff5d8840 JavaThread "Monitor Deflation Thread" daemon [_thread_blocked, id=10808, stack(0x0000000ac8000000,0x0000000ac8100000)]
  0x000001beff5d8d10 JavaThread "C1 CompilerThread0" daemon [_thread_blocked, id=13492, stack(0x0000000ac8100000,0x0000000ac8200000)]
  0x000001beff606dc0 JavaThread "Sweeper thread" daemon [_thread_blocked, id=19772, stack(0x0000000ac8200000,0x0000000ac8300000)]
  0x000001be8b12c6a0 JavaThread "Common-Cleaner" daemon [_thread_blocked, id=14496, stack(0x0000000ac8300000,0x0000000ac8400000)]
  0x000001beff52c0d0 JavaThread "C1 CompilerThread1" daemon [_thread_blocked, id=20304, stack(0x0000000ac8400000,0x0000000ac8500000)]
  0x000001beff52c5e0 JavaThread "C1 CompilerThread2" daemon [_thread_blocked, id=2492, stack(0x0000000ac8500000,0x0000000ac8600000)]
  0x000001be8b29c210 JavaThread "Notification Thread" daemon [_thread_blocked, id=19856, stack(0x0000000ac8600000,0x0000000ac8700000)]
  0x000001be8b842870 JavaThread "RMI TCP Accept-0" daemon [_thread_in_native, id=16468, stack(0x0000000ac8800000,0x0000000ac8900000)]
  0x000001be8b842ec0 JavaThread "RMI TCP Accept-64968" daemon [_thread_in_native, id=16860, stack(0x0000000ac8900000,0x0000000ac8a00000)]
  0x000001be8b9e64c0 JavaThread "RMI TCP Accept-0" daemon [_thread_in_native, id=13020, stack(0x0000000ac8a00000,0x0000000ac8b00000)]
  0x000001be8bbe0d70 JavaThread "RMI TCP Connection(1)-127.0.0.1" daemon [_thread_in_native, id=12552, stack(0x0000000ac9100000,0x0000000ac9200000)]
  0x000001be8bbf96c0 JavaThread "RMI Scheduler(0)" daemon [_thread_blocked, id=20284, stack(0x0000000ac9200000,0x0000000ac9300000)]
  0x000001be8bbf9b90 JavaThread "RMI TCP Connection(2)-127.0.0.1" daemon [_thread_in_native, id=15984, stack(0x0000000ac9300000,0x0000000ac9400000)]
  0x000001be8bc29a70 JavaThread "JMX server connection timeout 21" daemon [_thread_blocked, id=14656, stack(0x0000000ac9400000,0x0000000ac9500000)]
  0x000001be8c2a9990 JavaThread "Thread-0" [_thread_blocked, id=11096, stack(0x0000000ac9500000,0x0000000ac9600000)]
=>0x000001be8c2a8b20 JavaThread "restartedMain" [_thread_in_vm, id=3156, stack(0x0000000ac9600000,0x0000000ac9700000)]
  0x000001be8c2a9e60 JavaThread "mysql-cj-abandoned-connection-cleanup" daemon [_thread_blocked, id=9696, stack(0x0000000ac9700000,0x0000000ac9800000)]
  0x000001be8c2aa330 JavaThread "HikariPool-1 housekeeper" daemon [_thread_blocked, id=4524, stack(0x0000000ac9900000,0x0000000ac9a00000)]
  0x000001be8c2a94c0 JavaThread "HikariPool-1 connection adder" daemon [_thread_blocked, id=12372, stack(0x0000000ac9a00000,0x0000000ac9b00000)]

Other Threads:
  0x000001beff588fe0 VMThread "VM Thread" [stack: 0x0000000ac7a00000,0x0000000ac7b00000] [id=8748]
  0x000001be8b84c0b0 WatcherThread [stack: 0x0000000ac8b00000,0x0000000ac8c00000] [id=15064]
  0x000001befb65c5c0 GCTaskThread "GC Thread#0" [stack: 0x0000000ac7500000,0x0000000ac7600000] [id=10612]
  0x000001be8ba32fc0 GCTaskThread "GC Thread#1" [stack: 0x0000000ac8c00000,0x0000000ac8d00000] [id=7636]
  0x000001be8ba2be50 GCTaskThread "GC Thread#2" [stack: 0x0000000ac8d00000,0x0000000ac8e00000] [id=16216]
  0x000001be8ba60650 GCTaskThread "GC Thread#3" [stack: 0x0000000ac8e00000,0x0000000ac8f00000] [id=20212]
  0x000001befb665150 ConcurrentGCThread "G1 Main Marker" [stack: 0x0000000ac7600000,0x0000000ac7700000] [id=19476]
  0x000001befb666350 ConcurrentGCThread "G1 Conc#0" [stack: 0x0000000ac7700000,0x0000000ac7800000] [id=3564]
  0x000001befb6b2920 ConcurrentGCThread "G1 Refine#0" [stack: 0x0000000ac7800000,0x0000000ac7900000] [id=5192]
  0x000001be8ba2b410 ConcurrentGCThread "G1 Refine#1" [stack: 0x0000000ac8f00000,0x0000000ac9000000] [id=12216]
  0x000001be8ba2b6f0 ConcurrentGCThread "G1 Refine#2" [stack: 0x0000000ac9000000,0x0000000ac9100000] [id=2096]
  0x000001befb6b3b30 ConcurrentGCThread "G1 Service" [stack: 0x0000000ac7900000,0x0000000ac7a00000] [id=16448]

Threads with active compile tasks:

VM state: not at safepoint (normal execution)

VM Mutex/Monitor currently owned by a thread:  ([mutex/lock_event])
[0x000001befb619a20] Metaspace_lock - owner thread: 0x000001be8c2a8b20

Heap address: 0x00000000c1600000, size: 1002 MB, Compressed Oops mode: 32-bit

CDS archive(s) not mapped
Compressed class space mapped at: 0x0000000100000000-0x0000000140000000, reserved size: 1073741824
Narrow klass base: 0x0000000000000000, Narrow klass shift: 3, Narrow klass range: 0x140000000

GC Precious Log:
 CPUs: 4 total, 4 available
 Memory: 4002M
 Large Page Support: Disabled
 NUMA Support: Disabled
 Compressed Oops: Enabled (32-bit)
 Heap Region Size: 1M
 Heap Min Capacity: 8M
 Heap Initial Capacity: 64M
 Heap Max Capacity: 1002M
 Pre-touch: Disabled
 Parallel Workers: 4
 Concurrent Workers: 1
 Concurrent Refinement Workers: 4
 Periodic GC: Disabled

Heap:
 garbage-first heap   total 59392K, used 28220K [0x00000000c1600000, 0x0000000100000000)
  region size 1024K, 4 young (4096K), 1 survivors (1024K)
 Metaspace       used 59471K, committed 59968K, reserved 1114112K
  class space    used 8057K, committed 8320K, reserved 1048576K

Heap Regions: E=young(eden), S=young(survivor), O=old, HS=humongous(starts), HC=humongous(continues), CS=collection set, F=free, OA=open archive, CA=closed archive, TAMS=top-at-mark-start (previous, next)
|   0|0x00000000c1600000, 0x00000000c1700000, 0x00000000c1700000|100%|HS|  |TAMS 0x00000000c1700000, 0x00000000c1600000| Complete 
|   1|0x00000000c1700000, 0x00000000c1800000, 0x00000000c1800000|100%|HS|  |TAMS 0x00000000c1800000, 0x00000000c1700000| Complete 
|   2|0x00000000c1800000, 0x00000000c1900000, 0x00000000c1900000|100%| O|  |TAMS 0x00000000c1900000, 0x00000000c1800000| Untracked 
|   3|0x00000000c1900000, 0x00000000c1a00000, 0x00000000c1a00000|100%| O|  |TAMS 0x00000000c1a00000, 0x00000000c1900000| Untracked 
|   4|0x00000000c1a00000, 0x00000000c1b00000, 0x00000000c1b00000|100%| O|  |TAMS 0x00000000c1b00000, 0x00000000c1a00000| Untracked 
|   5|0x00000000c1b00000, 0x00000000c1c00000, 0x00000000c1c00000|100%| O|  |TAMS 0x00000000c1c00000, 0x00000000c1b00000| Untracked 
|   6|0x00000000c1c00000, 0x00000000c1d00000, 0x00000000c1d00000|100%| O|  |TAMS 0x00000000c1d00000, 0x00000000c1c00000| Untracked 
|   7|0x00000000c1d00000, 0x00000000c1d72800, 0x00000000c1e00000| 44%| O|  |TAMS 0x00000000c1d72800, 0x00000000c1d00000| Untracked 
|   8|0x00000000c1e00000, 0x00000000c1f00000, 0x00000000c1f00000|100%| O|  |TAMS 0x00000000c1f00000, 0x00000000c1e00000| Untracked 
|   9|0x00000000c1f00000, 0x00000000c2000000, 0x00000000c2000000|100%| O|  |TAMS 0x00000000c2000000, 0x00000000c1f00000| Untracked 
|  10|0x00000000c2000000, 0x00000000c2100000, 0x00000000c2100000|100%| O|  |TAMS 0x00000000c2100000, 0x00000000c2000000| Untracked 
|  11|0x00000000c2100000, 0x00000000c2200000, 0x00000000c2200000|100%| O|  |TAMS 0x00000000c2200000, 0x00000000c2100000| Untracked 
|  12|0x00000000c2200000, 0x00000000c2300000, 0x00000000c2300000|100%| O|  |TAMS 0x00000000c2300000, 0x00000000c2200000| Untracked 
|  13|0x00000000c2300000, 0x00000000c2400000, 0x00000000c2400000|100%| O|  |TAMS 0x00000000c2400000, 0x00000000c2300000| Untracked 
|  14|0x00000000c2400000, 0x00000000c2500000, 0x00000000c2500000|100%| O|  |TAMS 0x00000000c2500000, 0x00000000c2400000| Untracked 
|  15|0x00000000c2500000, 0x00000000c2600000, 0x00000000c2600000|100%| O|  |TAMS 0x00000000c253e000, 0x00000000c2500000| Untracked 
|  16|0x00000000c2600000, 0x00000000c2700000, 0x00000000c2700000|100%| O|  |TAMS 0x00000000c2600000, 0x00000000c2600000| Untracked 
|  17|0x00000000c2700000, 0x00000000c2800000, 0x00000000c2800000|100%| O|  |TAMS 0x00000000c2700000, 0x00000000c2700000| Untracked 
|  18|0x00000000c2800000, 0x00000000c2900000, 0x00000000c2900000|100%| O|  |TAMS 0x00000000c2800000, 0x00000000c2800000| Untracked 
|  19|0x00000000c2900000, 0x00000000c2a00000, 0x00000000c2a00000|100%| O|  |TAMS 0x00000000c2900000, 0x00000000c2900000| Untracked 
|  20|0x00000000c2a00000, 0x00000000c2b00000, 0x00000000c2b00000|100%| O|  |TAMS 0x00000000c2a00000, 0x00000000c2a00000| Untracked 
|  21|0x00000000c2b00000, 0x00000000c2c00000, 0x00000000c2c00000|100%| O|  |TAMS 0x00000000c2b00000, 0x00000000c2b00000| Untracked 
|  22|0x00000000c2c00000, 0x00000000c2d00000, 0x00000000c2d00000|100%| O|  |TAMS 0x00000000c2c00000, 0x00000000c2c00000| Untracked 
|  23|0x00000000c2d00000, 0x00000000c2e00000, 0x00000000c2e00000|100%| O|  |TAMS 0x00000000c2d00000, 0x00000000c2d00000| Untracked 
|  24|0x00000000c2e00000, 0x00000000c2f00000, 0x00000000c2f00000|100%| O|  |TAMS 0x00000000c2e00000, 0x00000000c2e00000| Untracked 
|  25|0x00000000c2f00000, 0x00000000c2f1ca00, 0x00000000c3000000| 11%| O|  |TAMS 0x00000000c2f00000, 0x00000000c2f00000| Untracked 
|  26|0x00000000c3000000, 0x00000000c3000000, 0x00000000c3100000|  0%| F|  |TAMS 0x00000000c3000000, 0x00000000c3000000| Untracked 
|  27|0x00000000c3100000, 0x00000000c3100000, 0x00000000c3200000|  0%| F|  |TAMS 0x00000000c3100000, 0x00000000c3100000| Untracked 
|  28|0x00000000c3200000, 0x00000000c3200000, 0x00000000c3300000|  0%| F|  |TAMS 0x00000000c3200000, 0x00000000c3200000| Untracked 
|  29|0x00000000c3300000, 0x00000000c3300000, 0x00000000c3400000|  0%| F|  |TAMS 0x00000000c3300000, 0x00000000c3300000| Untracked 
|  30|0x00000000c3400000, 0x00000000c3400000, 0x00000000c3500000|  0%| F|  |TAMS 0x00000000c3400000, 0x00000000c3400000| Untracked 
|  31|0x00000000c3500000, 0x00000000c3500000, 0x00000000c3600000|  0%| F|  |TAMS 0x00000000c3500000, 0x00000000c3500000| Untracked 
|  32|0x00000000c3600000, 0x00000000c3600000, 0x00000000c3700000|  0%| F|  |TAMS 0x00000000c3600000, 0x00000000c3600000| Untracked 
|  33|0x00000000c3700000, 0x00000000c3700000, 0x00000000c3800000|  0%| F|  |TAMS 0x00000000c3700000, 0x00000000c3700000| Untracked 
|  34|0x00000000c3800000, 0x00000000c3800000, 0x00000000c3900000|  0%| F|  |TAMS 0x00000000c3800000, 0x00000000c3800000| Untracked 
|  35|0x00000000c3900000, 0x00000000c3900000, 0x00000000c3a00000|  0%| F|  |TAMS 0x00000000c3900000, 0x00000000c3900000| Untracked 
|  36|0x00000000c3a00000, 0x00000000c3a00000, 0x00000000c3b00000|  0%| F|  |TAMS 0x00000000c3a00000, 0x00000000c3a00000| Untracked 
|  37|0x00000000c3b00000, 0x00000000c3c00000, 0x00000000c3c00000|100%| S|CS|TAMS 0x00000000c3b00000, 0x00000000c3b00000| Complete 
|  38|0x00000000c3c00000, 0x00000000c3c00000, 0x00000000c3d00000|  0%| F|  |TAMS 0x00000000c3c00000, 0x00000000c3c00000| Untracked 
|  39|0x00000000c3d00000, 0x00000000c3d00000, 0x00000000c3e00000|  0%| F|  |TAMS 0x00000000c3d00000, 0x00000000c3d00000| Untracked 
|  40|0x00000000c3e00000, 0x00000000c3e00000, 0x00000000c3f00000|  0%| F|  |TAMS 0x00000000c3e00000, 0x00000000c3e00000| Untracked 
|  41|0x00000000c3f00000, 0x00000000c3f00000, 0x00000000c4000000|  0%| F|  |TAMS 0x00000000c3f00000, 0x00000000c3f00000| Untracked 
|  42|0x00000000c4000000, 0x00000000c4000000, 0x00000000c4100000|  0%| F|  |TAMS 0x00000000c4000000, 0x00000000c4000000| Untracked 
|  43|0x00000000c4100000, 0x00000000c4100000, 0x00000000c4200000|  0%| F|  |TAMS 0x00000000c4100000, 0x00000000c4100000| Untracked 
|  44|0x00000000c4200000, 0x00000000c4200000, 0x00000000c4300000|  0%| F|  |TAMS 0x00000000c4200000, 0x00000000c4200000| Untracked 
|  45|0x00000000c4300000, 0x00000000c4300000, 0x00000000c4400000|  0%| F|  |TAMS 0x00000000c4300000, 0x00000000c4300000| Untracked 
|  46|0x00000000c4400000, 0x00000000c4400000, 0x00000000c4500000|  0%| F|  |TAMS 0x00000000c4400000, 0x00000000c4400000| Untracked 
|  47|0x00000000c4500000, 0x00000000c4500000, 0x00000000c4600000|  0%| F|  |TAMS 0x00000000c4500000, 0x00000000c4500000| Untracked 
|  48|0x00000000c4600000, 0x00000000c4600000, 0x00000000c4700000|  0%| F|  |TAMS 0x00000000c4600000, 0x00000000c4600000| Untracked 
|  49|0x00000000c4700000, 0x00000000c4700000, 0x00000000c4800000|  0%| F|  |TAMS 0x00000000c4700000, 0x00000000c4700000| Untracked 
|  50|0x00000000c4800000, 0x00000000c4800000, 0x00000000c4900000|  0%| F|  |TAMS 0x00000000c4800000, 0x00000000c4800000| Untracked 
|  51|0x00000000c4900000, 0x00000000c4900000, 0x00000000c4a00000|  0%| F|  |TAMS 0x00000000c4900000, 0x00000000c4900000| Untracked 
|  52|0x00000000c4a00000, 0x00000000c4a00000, 0x00000000c4b00000|  0%| F|  |TAMS 0x00000000c4a00000, 0x00000000c4a00000| Untracked 
|  53|0x00000000c4b00000, 0x00000000c4b00000, 0x00000000c4c00000|  0%| F|  |TAMS 0x00000000c4b00000, 0x00000000c4b00000| Untracked 
|  54|0x00000000c4c00000, 0x00000000c4c00000, 0x00000000c4d00000|  0%| F|  |TAMS 0x00000000c4c00000, 0x00000000c4c00000| Untracked 
|  55|0x00000000c4d00000, 0x00000000c4e00000, 0x00000000c4e00000|100%| E|  |TAMS 0x00000000c4d00000, 0x00000000c4d00000| Complete 
|  56|0x00000000c4e00000, 0x00000000c4f00000, 0x00000000c4f00000|100%| E|CS|TAMS 0x00000000c4e00000, 0x00000000c4e00000| Complete 
|  63|0x00000000c5500000, 0x00000000c5600000, 0x00000000c5600000|100%| E|CS|TAMS 0x00000000c5500000, 0x00000000c5500000| Complete 

Card table byte_map: [0x000001befecd0000,0x000001befeed0000] _byte_map_base: 0x000001befe6c5000

Marking Bits (Prev, Next): (CMBitMap*) 0x000001befb65cae0, (CMBitMap*) 0x000001befb65cb20
 Prev Bits: [0x000001be83000000, 0x000001be83fa8000)
 Next Bits: [0x000001be83fb0000, 0x000001be84f58000)

Polling page: 0x000001befade0000

Metaspace:

Usage:
  Non-class:     50.21 MB used.
      Class:      7.87 MB used.
       Both:     58.08 MB used.

Virtual space:
  Non-class space:       64.00 MB reserved,      50.44 MB ( 79%) committed,  1 nodes.
      Class space:        1.00 GB reserved,       8.12 MB ( <1%) committed,  1 nodes.
             Both:        1.06 GB reserved,      58.56 MB (  5%) committed. 

Chunk freelists:
   Non-Class:  12.92 MB
       Class:  7.89 MB
        Both:  20.81 MB

MaxMetaspaceSize: unlimited
CompressedClassSpaceSize: 1.00 GB
Initial GC threshold: 21.00 MB
Current GC threshold: 59.00 MB
CDS: off
MetaspaceReclaimPolicy: balanced
 - commit_granule_bytes: 65536.
 - commit_granule_words: 8192.
 - virtual_space_node_default_size: 8388608.
 - enlarge_chunks_in_place: 1.
 - new_chunks_are_fully_committed: 0.
 - uncommit_free_chunks: 1.
 - use_allocation_guard: 0.
 - handle_deallocations: 1.


Internal statistics:

num_allocs_failed_limit: 6.
num_arena_births: 710.
num_arena_deaths: 0.
num_vsnodes_births: 2.
num_vsnodes_deaths: 0.
num_space_committed: 937.
num_space_uncommitted: 0.
num_chunks_returned_to_freelist: 6.
num_chunks_taken_from_freelist: 2582.
num_chunk_merges: 3.
num_chunk_splits: 1829.
num_chunks_enlarged: 1389.
num_inconsistent_stats: 0.

CodeCache: size=49152Kb used=9562Kb max_used=9562Kb free=39589Kb
 bounds [0x000001be80000000, 0x000001be80960000, 0x000001be83000000]
 total_blobs=5319 nmethods=4726 adapters=518
 compilation: enabled
              stopped_count=0, restarted_count=0
 full_count=0

Compilation events (20 events):
Event: 11.368 Thread 0x000001beff52c0d0 4717       1       net.bytebuddy.jar.asm.ByteVector::putShort (52 bytes)
Event: 11.368 Thread 0x000001beff52c0d0 nmethod 4717 0x000001be80954290 code [0x000001be80954440, 0x000001be809545c8]
Event: 11.381 Thread 0x000001beff52c5e0 4718       1       net.bytebuddy.description.type.TypeDescription$AbstractBase::<init> (5 bytes)
Event: 11.381 Thread 0x000001beff52c5e0 nmethod 4718 0x000001be80954710 code [0x000001be809548a0, 0x000001be80954958]
Event: 11.393 Thread 0x000001beff52c0d0 4719       1       net.bytebuddy.matcher.MethodSortMatcher::doMatch (9 bytes)
Event: 11.393 Thread 0x000001beff52c5e0 4720       1       net.bytebuddy.matcher.MethodSortMatcher::doMatch (9 bytes)
Event: 11.394 Thread 0x000001beff52c5e0 nmethod 4720 0x000001be80954a10 code [0x000001be80954ba0, 0x000001be80954c88]
Event: 11.394 Thread 0x000001beff52c0d0 nmethod 4719 0x000001be80954d10 code [0x000001be80954ea0, 0x000001be80954fe8]
Event: 11.394 Thread 0x000001beff5d8d10 4721       1       java.util.AbstractMap$SimpleImmutableEntry::getKey (5 bytes)
Event: 11.394 Thread 0x000001beff5d8d10 nmethod 4721 0x000001be80955090 code [0x000001be80955220, 0x000001be809552f8]
Event: 11.394 Thread 0x000001beff52c0d0 4722       1       net.bytebuddy.description.method.ParameterList$TypeSubstituting::get (6 bytes)
Event: 11.394 Thread 0x000001beff5d8d10 4723       1       net.bytebuddy.description.method.ParameterList$TypeSubstituting::get (29 bytes)
Event: 11.394 Thread 0x000001beff52c5e0 4724       1       net.bytebuddy.description.method.ParameterDescription$TypeSubstituting::<init> (20 bytes)
Event: 11.395 Thread 0x000001beff52c5e0 nmethod 4724 0x000001be80955390 code [0x000001be80955520, 0x000001be809556f8]
Event: 11.395 Thread 0x000001beff52c5e0 4725       1       net.bytebuddy.description.method.MethodDescription$TypeToken::equals (57 bytes)
Event: 11.395 Thread 0x000001beff52c0d0 nmethod 4722 0x000001be80955790 code [0x000001be80955940, 0x000001be80955c28]
Event: 11.395 Thread 0x000001beff5d8d10 nmethod 4723 0x000001be80955d10 code [0x000001be80955ec0, 0x000001be809561a8]
Event: 11.395 Thread 0x000001beff52c5e0 nmethod 4725 0x000001be80956290 code [0x000001be80956440, 0x000001be80956678]
Event: 11.395 Thread 0x000001beff5d8d10 4726       1       net.bytebuddy.matcher.ModifierMatcher$Mode::getModifiers (5 bytes)
Event: 11.395 Thread 0x000001beff5d8d10 nmethod 4726 0x000001be80956790 code [0x000001be80956920, 0x000001be809569f8]

GC Heap History (20 events):
Event: 4.757 GC heap before
{Heap before GC invocations=7 (full 0):
 garbage-first heap   total 40960K, used 27807K [0x00000000c1600000, 0x0000000100000000)
  region size 1024K, 18 young (18432K), 3 survivors (3072K)
 Metaspace       used 29652K, committed 30080K, reserved 1114112K
  class space    used 3605K, committed 3840K, reserved 1048576K
}
Event: 4.765 GC heap after
{Heap after GC invocations=8 (full 0):
 garbage-first heap   total 40960K, used 14964K [0x00000000c1600000, 0x0000000100000000)
  region size 1024K, 2 young (2048K), 2 survivors (2048K)
 Metaspace       used 29652K, committed 30080K, reserved 1114112K
  class space    used 3605K, committed 3840K, reserved 1048576K
}
Event: 5.186 GC heap before
{Heap before GC invocations=8 (full 0):
 garbage-first heap   total 40960K, used 29300K [0x00000000c1600000, 0x0000000100000000)
  region size 1024K, 16 young (16384K), 2 survivors (2048K)
 Metaspace       used 31033K, committed 31488K, reserved 1114112K
  class space    used 3796K, committed 4032K, reserved 1048576K
}
Event: 5.193 GC heap after
{Heap after GC invocations=9 (full 0):
 garbage-first heap   total 49152K, used 16045K [0x00000000c1600000, 0x0000000100000000)
  region size 1024K, 1 young (1024K), 1 survivors (1024K)
 Metaspace       used 31033K, committed 31488K, reserved 1114112K
  class space    used 3796K, committed 4032K, reserved 1048576K
}
Event: 5.956 GC heap before
{Heap before GC invocations=9 (full 0):
 garbage-first heap   total 49152K, used 36525K [0x00000000c1600000, 0x0000000100000000)
  region size 1024K, 21 young (21504K), 1 survivors (1024K)
 Metaspace       used 33675K, committed 34112K, reserved 1114112K
  class space    used 4221K, committed 4416K, reserved 1048576K
}
Event: 5.964 GC heap after
{Heap after GC invocations=10 (full 0):
 garbage-first heap   total 49152K, used 17533K [0x00000000c1600000, 0x0000000100000000)
  region size 1024K, 3 young (3072K), 3 survivors (3072K)
 Metaspace       used 33675K, committed 34112K, reserved 1114112K
  class space    used 4221K, committed 4416K, reserved 1048576K
}
Event: 6.406 GC heap before
{Heap before GC invocations=10 (full 0):
 garbage-first heap   total 49152K, used 29821K [0x00000000c1600000, 0x0000000100000000)
  region size 1024K, 16 young (16384K), 3 survivors (3072K)
 Metaspace       used 35547K, committed 35968K, reserved 1114112K
  class space    used 4528K, committed 4736K, reserved 1048576K
}
Event: 6.414 GC heap after
{Heap after GC invocations=11 (full 0):
 garbage-first heap   total 49152K, used 18976K [0x00000000c1600000, 0x0000000100000000)
  region size 1024K, 3 young (3072K), 3 survivors (3072K)
 Metaspace       used 35547K, committed 35968K, reserved 1114112K
  class space    used 4528K, committed 4736K, reserved 1048576K
}
Event: 7.500 GC heap before
{Heap before GC invocations=12 (full 0):
 garbage-first heap   total 49152K, used 37408K [0x00000000c1600000, 0x0000000100000000)
  region size 1024K, 21 young (21504K), 3 survivors (3072K)
 Metaspace       used 37703K, committed 38144K, reserved 1114112K
  class space    used 4833K, committed 5056K, reserved 1048576K
}
Event: 7.508 GC heap after
{Heap after GC invocations=13 (full 0):
 garbage-first heap   total 49152K, used 20339K [0x00000000c1600000, 0x0000000100000000)
  region size 1024K, 3 young (3072K), 3 survivors (3072K)
 Metaspace       used 37703K, committed 38144K, reserved 1114112K
  class space    used 4833K, committed 5056K, reserved 1048576K
}
Event: 8.245 GC heap before
{Heap before GC invocations=13 (full 0):
 garbage-first heap   total 49152K, used 37747K [0x00000000c1600000, 0x0000000100000000)
  region size 1024K, 20 young (20480K), 3 survivors (3072K)
 Metaspace       used 40043K, committed 40576K, reserved 1114112K
  class space    used 5146K, committed 5376K, reserved 1048576K
}
Event: 8.257 GC heap after
{Heap after GC invocations=14 (full 0):
 garbage-first heap   total 49152K, used 21321K [0x00000000c1600000, 0x0000000100000000)
  region size 1024K, 3 young (3072K), 3 survivors (3072K)
 Metaspace       used 40043K, committed 40576K, reserved 1114112K
  class space    used 5146K, committed 5376K, reserved 1048576K
}
Event: 8.895 GC heap before
{Heap before GC invocations=14 (full 0):
 garbage-first heap   total 49152K, used 36681K [0x00000000c1600000, 0x0000000100000000)
  region size 1024K, 19 young (19456K), 3 survivors (3072K)
 Metaspace       used 43920K, committed 44416K, reserved 1114112K
  class space    used 5778K, committed 6016K, reserved 1048576K
}
Event: 8.902 GC heap after
{Heap after GC invocations=15 (full 0):
 garbage-first heap   total 49152K, used 22156K [0x00000000c1600000, 0x0000000100000000)
  region size 1024K, 2 young (2048K), 2 survivors (2048K)
 Metaspace       used 43920K, committed 44416K, reserved 1114112K
  class space    used 5778K, committed 6016K, reserved 1048576K
}
Event: 9.621 GC heap before
{Heap before GC invocations=15 (full 0):
 garbage-first heap   total 49152K, used 37516K [0x00000000c1600000, 0x0000000100000000)
  region size 1024K, 18 young (18432K), 2 survivors (2048K)
 Metaspace       used 47955K, committed 48448K, reserved 1114112K
  class space    used 6325K, committed 6528K, reserved 1048576K
}
Event: 9.628 GC heap after
{Heap after GC invocations=16 (full 0):
 garbage-first heap   total 59392K, used 23597K [0x00000000c1600000, 0x0000000100000000)
  region size 1024K, 3 young (3072K), 3 survivors (3072K)
 Metaspace       used 47955K, committed 48448K, reserved 1114112K
  class space    used 6325K, committed 6528K, reserved 1048576K
}
Event: 10.597 GC heap before
{Heap before GC invocations=16 (full 0):
 garbage-first heap   total 59392K, used 45101K [0x00000000c1600000, 0x0000000100000000)
  region size 1024K, 25 young (25600K), 3 survivors (3072K)
 Metaspace       used 52866K, committed 53376K, reserved 1114112K
  class space    used 6983K, committed 7232K, reserved 1048576K
}
Event: 10.604 GC heap after
{Heap after GC invocations=17 (full 0):
 garbage-first heap   total 59392K, used 25294K [0x00000000c1600000, 0x0000000100000000)
  region size 1024K, 4 young (4096K), 4 survivors (4096K)
 Metaspace       used 52866K, committed 53376K, reserved 1114112K
  class space    used 6983K, committed 7232K, reserved 1048576K
}
Event: 11.286 GC heap before
{Heap before GC invocations=17 (full 0):
 garbage-first heap   total 59392K, used 45774K [0x00000000c1600000, 0x0000000100000000)
  region size 1024K, 24 young (24576K), 4 survivors (4096K)
 Metaspace       used 59014K, committed 59584K, reserved 1114112K
  class space    used 7967K, committed 8256K, reserved 1048576K
}
Event: 11.294 GC heap after
{Heap after GC invocations=18 (full 0):
 garbage-first heap   total 59392K, used 26172K [0x00000000c1600000, 0x0000000100000000)
  region size 1024K, 1 young (1024K), 1 survivors (1024K)
 Metaspace       used 59014K, committed 59584K, reserved 1114112K
  class space    used 7967K, committed 8256K, reserved 1048576K
}

Dll operation events (9 events):
Event: 0.041 Loaded shared library E:\Software\sts-4.19.1.RELEASE\plugins\org.eclipse.justj.openjdk.hotspot.jre.full.win32.x86_64_17.0.7.v20230425-1502\jre\bin\java.dll
Event: 0.903 Loaded shared library E:\Software\sts-4.19.1.RELEASE\plugins\org.eclipse.justj.openjdk.hotspot.jre.full.win32.x86_64_17.0.7.v20230425-1502\jre\bin\jimage.dll
Event: 0.929 Loaded shared library E:\Software\sts-4.19.1.RELEASE\plugins\org.eclipse.justj.openjdk.hotspot.jre.full.win32.x86_64_17.0.7.v20230425-1502\jre\bin\net.dll
Event: 0.932 Loaded shared library E:\Software\sts-4.19.1.RELEASE\plugins\org.eclipse.justj.openjdk.hotspot.jre.full.win32.x86_64_17.0.7.v20230425-1502\jre\bin\nio.dll
Event: 0.940 Loaded shared library E:\Software\sts-4.19.1.RELEASE\plugins\org.eclipse.justj.openjdk.hotspot.jre.full.win32.x86_64_17.0.7.v20230425-1502\jre\bin\zip.dll
Event: 1.064 Loaded shared library E:\Software\sts-4.19.1.RELEASE\plugins\org.eclipse.justj.openjdk.hotspot.jre.full.win32.x86_64_17.0.7.v20230425-1502\jre\bin\management.dll
Event: 1.119 Loaded shared library E:\Software\sts-4.19.1.RELEASE\plugins\org.eclipse.justj.openjdk.hotspot.jre.full.win32.x86_64_17.0.7.v20230425-1502\jre\bin\management_ext.dll
Event: 4.063 Loaded shared library E:\Software\sts-4.19.1.RELEASE\plugins\org.eclipse.justj.openjdk.hotspot.jre.full.win32.x86_64_17.0.7.v20230425-1502\jre\bin\sunmscapi.dll
Event: 8.765 Loaded shared library E:\Software\sts-4.19.1.RELEASE\plugins\org.eclipse.justj.openjdk.hotspot.jre.full.win32.x86_64_17.0.7.v20230425-1502\jre\bin\verify.dll

Deoptimization events (8 events):
Event: 3.578 Thread 0x000001be8c2a8b20 DEOPT PACKING pc=0x000001be8054fd19 sp=0x0000000ac96fc6e0
Event: 3.578 Thread 0x000001be8c2a8b20 DEOPT UNPACKING pc=0x000001be80057143 sp=0x0000000ac96fbbc0 mode 3
Event: 4.050 Thread 0x000001be8c2a8b20 DEOPT PACKING pc=0x000001be805af655 sp=0x0000000ac96fccc0
Event: 4.050 Thread 0x000001be8c2a8b20 DEOPT UNPACKING pc=0x000001be80057143 sp=0x0000000ac96fc168 mode 3
Event: 6.265 Thread 0x000001be8c2a8b20 DEOPT PACKING pc=0x000001be80710acc sp=0x0000000ac96f7a10
Event: 6.265 Thread 0x000001be8c2a8b20 DEOPT UNPACKING pc=0x000001be80057143 sp=0x0000000ac96f6ec8 mode 0
Event: 7.269 Thread 0x000001be8c2a8b20 DEOPT PACKING pc=0x000001be80832f7d sp=0x0000000ac96fc7a0
Event: 7.269 Thread 0x000001be8c2a8b20 DEOPT UNPACKING pc=0x000001be80057143 sp=0x0000000ac96fbd08 mode 3

Classes unloaded (0 events):
No events

Classes redefined (0 events):
No events

Internal exceptions (20 events):
Event: 7.424 Thread 0x000001be8c2a8b20 Exception <a 'sun/nio/fs/WindowsException'{0x00000000c314ba58}> (0x00000000c314ba58) 
thrown [s\src\hotspot\share\prims\jni.cpp, line 516]
Event: 7.425 Thread 0x000001be8c2a8b20 Exception <a 'sun/nio/fs/WindowsException'{0x00000000c314c138}> (0x00000000c314c138) 
thrown [s\src\hotspot\share\prims\jni.cpp, line 516]
Event: 7.458 Thread 0x000001be8bbf9b90 Exception <a 'java/lang/reflect/InvocationTargetException'{0x00000000c31ad918}> (0x00000000c31ad918) 
thrown [s\src\hotspot\share\runtime\reflection.cpp, line 1121]
Event: 7.674 Thread 0x000001be8c2a8b20 Exception <a 'java/io/FileNotFoundException'{0x00000000c4e9ff28}> (0x00000000c4e9ff28) 
thrown [s\src\hotspot\share\prims\jni.cpp, line 516]
Event: 7.722 Thread 0x000001be8c2a8b20 Exception <a 'java/lang/NoSuchMethodError'{0x00000000c4c0af80}: 'int java.lang.invoke.DirectMethodHandle$Holder.invokeInterface(java.lang.Object, java.lang.Object, java.lang.Object, java.lang.Object)'> (0x00000000c4c0af80) 
thrown [s\src\hotspot\share\interpreter\linkResolver.cpp, line 759]
Event: 7.964 Thread 0x000001be8bbf9b90 Exception <a 'java/lang/reflect/InvocationTargetException'{0x00000000c3b52f10}> (0x00000000c3b52f10) 
thrown [s\src\hotspot\share\runtime\reflection.cpp, line 1121]
Event: 8.048 Thread 0x000001be8c2a8b20 Exception <a 'sun/nio/fs/WindowsException'{0x00000000c398a278}> (0x00000000c398a278) 
thrown [s\src\hotspot\share\prims\jni.cpp, line 516]
Event: 8.116 Thread 0x000001be8c2a8b20 Exception <a 'java/lang/NoSuchMethodError'{0x00000000c37200b8}: 'java.lang.Object java.lang.invoke.Invokers$Holder.invoke_MT(java.lang.Object, java.lang.Object, java.lang.Object)'> (0x00000000c37200b8) 
thrown [s\src\hotspot\share\interpreter\linkResolver.cpp, line 759]
Event: 8.520 Thread 0x000001be8bbf9b90 Exception <a 'java/lang/reflect/InvocationTargetException'{0x00000000c3fa01b0}> (0x00000000c3fa01b0) 
thrown [s\src\hotspot\share\runtime\reflection.cpp, line 1121]
Event: 9.024 Thread 0x000001be8bbf9b90 Exception <a 'java/lang/reflect/InvocationTargetException'{0x00000000c4c012c0}> (0x00000000c4c012c0) 
thrown [s\src\hotspot\share\runtime\reflection.cpp, line 1121]
Event: 9.183 Thread 0x000001be8c2a8b20 Exception <a 'java/lang/NoSuchMethodError'{0x00000000c3e578f0}: 'int java.lang.invoke.DirectMethodHandle$Holder.invokeStatic(java.lang.Object)'> (0x00000000c3e578f0) 
thrown [s\src\hotspot\share\interpreter\linkResolver.cpp, line 759]
Event: 9.579 Thread 0x000001be8bbf9b90 Exception <a 'java/lang/reflect/InvocationTargetException'{0x00000000c365d018}> (0x00000000c365d018) 
thrown [s\src\hotspot\share\runtime\reflection.cpp, line 1121]
Event: 10.055 Thread 0x000001be8c2a8b20 Exception <a 'java/lang/NoSuchMethodError'{0x00000000c4b83098}: 'java.lang.Object java.lang.invoke.DirectMethodHandle$Holder.invokeStaticInit(java.lang.Object, java.lang.Object, java.lang.Object, java.lang.Object)'> (0x00000000c4b83098) 
thrown [s\src\hotspot\share\interpreter\linkResolver.cpp, line 759]
Event: 10.083 Thread 0x000001be8c2a8b20 Exception <a 'java/lang/NoSuchMethodError'{0x00000000c4a5d400}: 'java.lang.Object java.lang.invoke.DirectMethodHandle$Holder.invokeSpecial(java.lang.Object, java.lang.Object, long, java.lang.Object, java.lang.Object, java.lang.Object, java.lang.Object, java.lang.Object, java.lang.Object, java.lang.Object)'> (0x00000000c4a5d400) 
thrown [s\src\hotspot\share\interpreter\linkResolver.cpp, line 759]
Event: 10.083 Thread 0x000001be8bbf9b90 Exception <a 'java/lang/reflect/InvocationTargetException'{0x00000000c4a8c780}> (0x00000000c4a8c780) 
thrown [s\src\hotspot\share\runtime\reflection.cpp, line 1121]
Event: 10.084 Thread 0x000001be8c2a8b20 Exception <a 'java/lang/NoSuchMethodError'{0x00000000c4a62708}: 'java.lang.Object java.lang.invoke.DelegatingMethodHandle$Holder.reinvoke_L(java.lang.Object, long, java.lang.Object, java.lang.Object, java.lang.Object, java.lang.Object, java.lang.Object, java.lang.Object, java.lang.Object)'> (0x00000000c4a62708) 
thrown [s\src\hotspot\share\interpreter\linkResolver.cpp, line 759]
Event: 10.086 Thread 0x000001be8c2a8b20 Exception <a 'java/lang/NoSuchMethodError'{0x00000000c4a7a278}: 'java.lang.Object java.lang.invoke.Invokers$Holder.linkToTargetMethod(java.lang.Object, java.lang.Object, java.lang.Object, java.lang.Object, java.lang.Object, java.lang.Object, java.lang.Object, java.lang.Object)'> (0x00000000c4a7a278) 
thrown [s\src\hotspot\share\interpreter\linkResolver.cpp, line 759]
Event: 10.725 Thread 0x000001be8c2a8b20 Exception <a 'java/lang/IncompatibleClassChangeError'{0x00000000c4cbca20}: Found class java.lang.Object, but interface was expected> (0x00000000c4cbca20) 
thrown [s\src\hotspot\share\interpreter\linkResolver.cpp, line 826]
Event: 10.754 Thread 0x000001be8c2a8b20 Exception <a 'java/lang/NoSuchMethodError'{0x00000000c4b96968}: 'java.lang.Object java.lang.invoke.DirectMethodHandle$Holder.invokeStatic(java.lang.Object, java.lang.Object, int, java.lang.Object)'> (0x00000000c4b96968) 
thrown [s\src\hotspot\share\interpreter\linkResolver.cpp, line 759]
Event: 10.754 Thread 0x000001be8c2a8b20 Exception <a 'java/lang/NoSuchMethodError'{0x00000000c4b9abf8}: 'java.lang.Object java.lang.invoke.DirectMethodHandle$Holder.invokeStaticInit(java.lang.Object, java.lang.Object, int, java.lang.Object)'> (0x00000000c4b9abf8) 
thrown [s\src\hotspot\share\interpreter\linkResolver.cpp, line 759]

VM Operations (20 events):
Event: 7.906 Executing VM operation: HandshakeAllThreads
Event: 7.907 Executing VM operation: HandshakeAllThreads done
Event: 7.968 Executing VM operation: HandshakeAllThreads
Event: 7.968 Executing VM operation: HandshakeAllThreads done
Event: 8.245 Executing VM operation: G1CollectForAllocation
Event: 8.257 Executing VM operation: G1CollectForAllocation done
Event: 8.894 Executing VM operation: G1CollectForAllocation
Event: 8.902 Executing VM operation: G1CollectForAllocation done
Event: 9.621 Executing VM operation: G1CollectForAllocation
Event: 9.628 Executing VM operation: G1CollectForAllocation done
Event: 10.597 Executing VM operation: G1CollectForAllocation
Event: 10.604 Executing VM operation: G1CollectForAllocation done
Event: 11.137 Executing VM operation: HandshakeAllThreads
Event: 11.137 Executing VM operation: HandshakeAllThreads done
Event: 11.174 Executing VM operation: HandshakeAllThreads
Event: 11.174 Executing VM operation: HandshakeAllThreads done
Event: 11.286 Executing VM operation: G1CollectForAllocation
Event: 11.294 Executing VM operation: G1CollectForAllocation done
Event: 11.361 Executing VM operation: HandshakeAllThreads
Event: 11.361 Executing VM operation: HandshakeAllThreads done

Events (20 events):
Event: 10.632 loading class java/util/concurrent/ForkJoinPool$DefaultForkJoinWorkerThreadFactory
Event: 10.632 loading class java/util/concurrent/ForkJoinPool$ForkJoinWorkerThreadFactory
Event: 10.632 loading class java/util/concurrent/ForkJoinPool$ForkJoinWorkerThreadFactory done
Event: 10.632 loading class java/util/concurrent/ForkJoinPool$DefaultForkJoinWorkerThreadFactory done
Event: 10.632 loading class java/util/concurrent/ForkJoinPool$1
Event: 10.632 loading class java/util/concurrent/ForkJoinPool$1 done
Event: 10.632 loading class java/util/concurrent/ForkJoinPool$DefaultCommonPoolForkJoinWorkerThreadFactory
Event: 10.632 loading class java/util/concurrent/ForkJoinPool$DefaultCommonPoolForkJoinWorkerThreadFactory done
Event: 10.632 loading class java/util/concurrent/ForkJoinPool$WorkQueue
Event: 10.633 loading class java/util/concurrent/ForkJoinPool$WorkQueue done
Event: 10.633 loading class java/util/concurrent/CompletableFuture$Completion
Event: 10.633 loading class java/util/concurrent/CompletableFuture$AsynchronousCompletionTask
Event: 10.633 loading class java/util/concurrent/CompletableFuture$AsynchronousCompletionTask done
Event: 10.633 loading class java/util/concurrent/ForkJoinTask
Event: 10.634 loading class java/util/concurrent/ForkJoinTask done
Event: 10.634 loading class java/util/concurrent/CompletableFuture$Completion done
Event: 10.712 loading class java/util/concurrent/CancellationException
Event: 10.712 loading class java/util/concurrent/CancellationException done
Event: 11.303 loading class java/lang/reflect/AnnotatedArrayType
Event: 11.303 loading class java/lang/reflect/AnnotatedArrayType done


Dynamic libraries:
0x00007ff7e6b00000 - 0x00007ff7e6b0e000 	E:\Software\sts-4.19.1.RELEASE\plugins\org.eclipse.justj.openjdk.hotspot.jre.full.win32.x86_64_17.0.7.v20230425-1502\jre\bin\javaw.exe
0x00007ff970eb0000 - 0x00007ff9710a9000 	C:\WINDOWS\SYSTEM32\ntdll.dll
0x00007ff9705b0000 - 0x00007ff970672000 	C:\WINDOWS\System32\KERNEL32.DLL
0x00007ff96e980000 - 0x00007ff96ec77000 	C:\WINDOWS\System32\KERNELBASE.dll
0x00007ff96ed00000 - 0x00007ff96ee00000 	C:\WINDOWS\System32\ucrtbase.dll
0x00007ff966280000 - 0x00007ff966297000 	E:\Software\sts-4.19.1.RELEASE\plugins\org.eclipse.justj.openjdk.hotspot.jre.full.win32.x86_64_17.0.7.v20230425-1502\jre\bin\jli.dll
0x00007ff970970000 - 0x00007ff970b0d000 	C:\WINDOWS\System32\USER32.dll
0x00007ff96e670000 - 0x00007ff96e692000 	C:\WINDOWS\System32\win32u.dll
0x00007ff96f620000 - 0x00007ff96f64b000 	C:\WINDOWS\System32\GDI32.dll
0x00007ff96e520000 - 0x00007ff96e63a000 	C:\WINDOWS\System32\gdi32full.dll
0x00007ff96e800000 - 0x00007ff96e89d000 	C:\WINDOWS\System32\msvcp_win.dll
0x00007ff96c3c0000 - 0x00007ff96c3d9000 	E:\Software\sts-4.19.1.RELEASE\plugins\org.eclipse.justj.openjdk.hotspot.jre.full.win32.x86_64_17.0.7.v20230425-1502\jre\bin\VCRUNTIME140.dll
0x00007ff96d940000 - 0x00007ff96dbdb000 	C:\WINDOWS\WinSxS\amd64_microsoft.windows.common-controls_6595b64144ccf1df_6.0.19041.7663_none_60b9ed0b71f50c93\COMCTL32.dll
0x00007ff96f030000 - 0x00007ff96f0ce000 	C:\WINDOWS\System32\msvcrt.dll
0x00007ff96f5f0000 - 0x00007ff96f61f000 	C:\WINDOWS\System32\IMM32.DLL
0x00007ff96c3b0000 - 0x00007ff96c3bc000 	E:\Software\sts-4.19.1.RELEASE\plugins\org.eclipse.justj.openjdk.hotspot.jre.full.win32.x86_64_17.0.7.v20230425-1502\jre\bin\vcruntime140_1.dll
0x00007ff958870000 - 0x00007ff958901000 	E:\Software\sts-4.19.1.RELEASE\plugins\org.eclipse.justj.openjdk.hotspot.jre.full.win32.x86_64_17.0.7.v20230425-1502\jre\bin\msvcp140.dll
0x00007ff922f00000 - 0x00007ff923b48000 	E:\Software\sts-4.19.1.RELEASE\plugins\org.eclipse.justj.openjdk.hotspot.jre.full.win32.x86_64_17.0.7.v20230425-1502\jre\bin\server\jvm.dll
0x00007ff96f530000 - 0x00007ff96f5e2000 	C:\WINDOWS\System32\ADVAPI32.dll
0x00007ff96fdd0000 - 0x00007ff96fe70000 	C:\WINDOWS\System32\sechost.dll
0x00007ff970830000 - 0x00007ff970956000 	C:\WINDOWS\System32\RPCRT4.dll
0x00007ff96e640000 - 0x00007ff96e667000 	C:\WINDOWS\System32\bcrypt.dll
0x00007ff96c590000 - 0x00007ff96c599000 	C:\WINDOWS\SYSTEM32\WSOCK32.dll
0x00007ff96f180000 - 0x00007ff96f1eb000 	C:\WINDOWS\System32\WS2_32.dll
0x00007ff953760000 - 0x00007ff953787000 	C:\WINDOWS\SYSTEM32\WINMM.dll
0x00007ff95d2c0000 - 0x00007ff95d2ca000 	C:\WINDOWS\SYSTEM32\VERSION.dll
0x00007ff96b800000 - 0x00007ff96b812000 	C:\WINDOWS\SYSTEM32\kernel.appcore.dll
0x00007ff96c430000 - 0x00007ff96c43a000 	E:\Software\sts-4.19.1.RELEASE\plugins\org.eclipse.justj.openjdk.hotspot.jre.full.win32.x86_64_17.0.7.v20230425-1502\jre\bin\jimage.dll
0x00007ff96ddf0000 - 0x00007ff96dff1000 	C:\WINDOWS\SYSTEM32\DBGHELP.DLL
0x00007ff96ddb0000 - 0x00007ff96dde4000 	C:\WINDOWS\SYSTEM32\dbgcore.DLL
0x00007ff96e8f0000 - 0x00007ff96e972000 	C:\WINDOWS\System32\bcryptPrimitives.dll
0x00007ff95cfd0000 - 0x00007ff95cff5000 	E:\Software\sts-4.19.1.RELEASE\plugins\org.eclipse.justj.openjdk.hotspot.jre.full.win32.x86_64_17.0.7.v20230425-1502\jre\bin\java.dll
0x00007ff965750000 - 0x00007ff965768000 	E:\Software\sts-4.19.1.RELEASE\plugins\org.eclipse.justj.openjdk.hotspot.jre.full.win32.x86_64_17.0.7.v20230425-1502\jre\bin\zip.dll
0x00007ff96f650000 - 0x00007ff96fdc1000 	C:\WINDOWS\System32\SHELL32.dll
0x00007ff96b820000 - 0x00007ff96bfcc000 	C:\WINDOWS\SYSTEM32\windows.storage.dll
0x00007ff970b10000 - 0x00007ff970e63000 	C:\WINDOWS\System32\combase.dll
0x00007ff96d6d0000 - 0x00007ff96d6fb000 	C:\WINDOWS\SYSTEM32\Wldp.dll
0x00007ff9704c0000 - 0x00007ff970596000 	C:\WINDOWS\System32\OLEAUT32.dll
0x00007ff96fe70000 - 0x00007ff96ff1d000 	C:\WINDOWS\System32\SHCORE.dll
0x00007ff96eeb0000 - 0x00007ff96ef0b000 	C:\WINDOWS\System32\shlwapi.dll
0x00007ff96e450000 - 0x00007ff96e475000 	C:\WINDOWS\SYSTEM32\profapi.dll
0x00007ff95d150000 - 0x00007ff95d169000 	E:\Software\sts-4.19.1.RELEASE\plugins\org.eclipse.justj.openjdk.hotspot.jre.full.win32.x86_64_17.0.7.v20230425-1502\jre\bin\net.dll
0x00007ff9642f0000 - 0x00007ff9643fd000 	C:\WINDOWS\SYSTEM32\WINHTTP.dll
0x00007ff96d480000 - 0x00007ff96d4ea000 	C:\WINDOWS\system32\mswsock.dll
0x00007ff95c970000 - 0x00007ff95c985000 	E:\Software\sts-4.19.1.RELEASE\plugins\org.eclipse.justj.openjdk.hotspot.jre.full.win32.x86_64_17.0.7.v20230425-1502\jre\bin\nio.dll
0x00007ff969e50000 - 0x00007ff969e59000 	E:\Software\sts-4.19.1.RELEASE\plugins\org.eclipse.justj.openjdk.hotspot.jre.full.win32.x86_64_17.0.7.v20230425-1502\jre\bin\management.dll
0x00007ff967d80000 - 0x00007ff967d8b000 	E:\Software\sts-4.19.1.RELEASE\plugins\org.eclipse.justj.openjdk.hotspot.jre.full.win32.x86_64_17.0.7.v20230425-1502\jre\bin\management_ext.dll
0x00007ff96f350000 - 0x00007ff96f358000 	C:\WINDOWS\System32\PSAPI.DLL
0x00007ff966840000 - 0x00007ff966857000 	C:\WINDOWS\system32\napinsp.dll
0x00007ff94cb10000 - 0x00007ff94cb2b000 	C:\WINDOWS\system32\pnrpnsp.dll
0x00007ff9681e0000 - 0x00007ff9681fd000 	C:\WINDOWS\system32\NLAapi.dll
0x00007ff96d180000 - 0x00007ff96d1bb000 	C:\WINDOWS\SYSTEM32\IPHLPAPI.DLL
0x00007ff96d1c0000 - 0x00007ff96d28c000 	C:\WINDOWS\SYSTEM32\DNSAPI.dll
0x00007ff970960000 - 0x00007ff970968000 	C:\WINDOWS\System32\NSI.dll
0x00007ff94c6c0000 - 0x00007ff94c6d2000 	C:\WINDOWS\System32\winrnr.dll
0x00007ff969ee0000 - 0x00007ff969efd000 	C:\WINDOWS\system32\wshbth.dll
0x00007ff965b40000 - 0x00007ff965b4a000 	C:\Windows\System32\rasadhlp.dll
0x00007ff9637f0000 - 0x00007ff963870000 	C:\WINDOWS\System32\fwpuclnt.dll
0x00007ff96e1b0000 - 0x00007ff96e1c8000 	C:\WINDOWS\SYSTEM32\CRYPTSP.dll
0x00007ff96ce20000 - 0x00007ff96ce58000 	C:\WINDOWS\system32\rsaenh.dll
0x00007ff96e3c0000 - 0x00007ff96e3ee000 	C:\WINDOWS\SYSTEM32\USERENV.dll
0x00007ff96d640000 - 0x00007ff96d64c000 	C:\WINDOWS\SYSTEM32\CRYPTBASE.dll
0x00007ff964040000 - 0x00007ff964057000 	C:\WINDOWS\SYSTEM32\dhcpcsvc6.DLL
0x00007ff963fc0000 - 0x00007ff963fde000 	C:\WINDOWS\SYSTEM32\dhcpcsvc.DLL
0x00007ff96e070000 - 0x00007ff96e07e000 	E:\Software\sts-4.19.1.RELEASE\plugins\org.eclipse.justj.openjdk.hotspot.jre.full.win32.x86_64_17.0.7.v20230425-1502\jre\bin\sunmscapi.dll
0x00007ff96e6a0000 - 0x00007ff96e7fd000 	C:\WINDOWS\System32\CRYPT32.dll
0x00007ff96d820000 - 0x00007ff96d847000 	C:\WINDOWS\SYSTEM32\ncrypt.dll
0x00007ff96d7e0000 - 0x00007ff96d81b000 	C:\WINDOWS\SYSTEM32\NTASN1.dll
0x00007ff96c000000 - 0x00007ff96c010000 	E:\Software\sts-4.19.1.RELEASE\plugins\org.eclipse.justj.openjdk.hotspot.jre.full.win32.x86_64_17.0.7.v20230425-1502\jre\bin\verify.dll

dbghelp: loaded successfully - version: 4.0.5 - missing functions: none
symbol engine: initialized successfully - sym options: 0x614 - pdb path: .;E:\Software\sts-4.19.1.RELEASE\plugins\org.eclipse.justj.openjdk.hotspot.jre.full.win32.x86_64_17.0.7.v20230425-1502\jre\bin;C:\WINDOWS\SYSTEM32;C:\WINDOWS\WinSxS\amd64_microsoft.windows.common-controls_6595b64144ccf1df_6.0.19041.7663_none_60b9ed0b71f50c93;E:\Software\sts-4.19.1.RELEASE\plugins\org.eclipse.justj.openjdk.hotspot.jre.full.win32.x86_64_17.0.7.v20230425-1502\jre\bin\server

VM Arguments:
jvm_args: -Dcom.sun.management.jmxremote -Dcom.sun.management.jmxremote.port=64968 -Dcom.sun.management.jmxremote.authenticate=false -Dcom.sun.management.jmxremote.ssl=false -Djava.rmi.server.hostname=localhost -Dspring.jmx.enabled=true -Dmanagement.endpoints.jmx.exposure.include=* -Dspring.application.admin.enabled=true -XX:TieredStopAtLevel=1 -Dspring.boot.project.name=Maa-Sharda-Academy -Dfile.encoding=UTF-8 -XX:+ShowCodeDetailsInExceptionMessages 
java_command: com.academy.MaaShardaAcademyApplication --spring.output.ansi.enabled=always
java_class_path (initial): E:\STS-Projects\Maa-Sharda-Academy\target\classes;C:\Users\KAUSAL\.m2\repository\org\springframework\boot\spring-boot-starter-data-jpa\3.4.1\spring-boot-starter-data-jpa-3.4.1.jar;C:\Users\KAUSAL\.m2\repository\org\springframework\boot\spring-boot-starter\3.4.1\spring-boot-starter-3.4.1.jar;C:\Users\KAUSAL\.m2\repository\org\springframework\boot\spring-boot-starter-logging\3.4.1\spring-boot-starter-logging-3.4.1.jar;C:\Users\KAUSAL\.m2\repository\ch\qos\logback\logback-classic\1.5.12\logback-classic-1.5.12.jar;C:\Users\KAUSAL\.m2\repository\ch\qos\logback\logback-core\1.5.12\logback-core-1.5.12.jar;C:\Users\KAUSAL\.m2\repository\org\apache\logging\log4j\log4j-to-slf4j\2.24.3\log4j-to-slf4j-2.24.3.jar;C:\Users\KAUSAL\.m2\repository\org\apache\logging\log4j\log4j-api\2.24.3\log4j-api-2.24.3.jar;C:\Users\KAUSAL\.m2\repository\org\slf4j\jul-to-slf4j\2.0.16\jul-to-slf4j-2.0.16.jar;C:\Users\KAUSAL\.m2\repository\jakarta\annotation\jakarta.annotation-api\2.1.1\jakarta.annotation-api-2.1.1.jar;C:\Users\KAUSAL\.m2\repository\org\springframework\spring-core\6.2.1\spring-core-6.2.1.jar;C:\Users\KAUSAL\.m2\repository\org\springframework\spring-jcl\6.2.1\spring-jcl-6.2.1.jar;C:\Users\KAUSAL\.m2\repository\org\yaml\snakeyaml\2.3\snakeyaml-2.3.jar;C:\Users\KAUSAL\.m2\repository\org\springframework\boot\spring-boot-starter-jdbc\3.4.1\spring-boot-starter-jdbc-3.4.1.jar;C:\Users\KAUSAL\.m2\repository\com\zaxxer\HikariCP\5.1.0\HikariCP-5.1.0.jar;C:\Users\KAUSAL\.m2\repository\org\springframework\spring-jdbc\6.2.1\spring-jdbc-6.2.1.jar;C:\Users\KAUSAL\.m2\repository\org\hibernate\orm\hibernate-core\6.6.4.Final\hibernate-core-6.6.4.Final.jar;C:\Users\KAUSAL\.m2\repository\jakarta\persistence\jakarta.persistence-api\3.1.0\jakarta.persistence-api-3.1.0.jar;C:\Users\KAUSAL\.m2\repository\jakarta\transaction\jakarta.transaction-api\2.0.1\jakarta.transaction-api-2.0.1.jar;C:\Users\KAUSAL\.m2\repository\org\jboss\logging\jboss-logging\3.6.1.Final\jboss-logging-3.6
Launcher Type: SUN_STANDARD

[Global flags]
     intx CICompilerCount                          = 3                                         {product} {ergonomic}
     uint ConcGCThreads                            = 1                                         {product} {ergonomic}
     uint G1ConcRefinementThreads                  = 4                                         {product} {ergonomic}
   size_t G1HeapRegionSize                         = 1048576                                   {product} {ergonomic}
    uintx GCDrainStackTargetSize                   = 64                                        {product} {ergonomic}
   size_t InitialHeapSize                          = 67108864                                  {product} {ergonomic}
     bool ManagementServer                         = true                                      {product} {command line}
   size_t MarkStackSize                            = 4194304                                   {product} {ergonomic}
   size_t MaxHeapSize                              = 1050673152                                {product} {ergonomic}
   size_t MaxNewSize                               = 630194176                                 {product} {ergonomic}
   size_t MinHeapDeltaBytes                        = 1048576                                   {product} {ergonomic}
   size_t MinHeapSize                              = 8388608                                   {product} {ergonomic}
    uintx NonProfiledCodeHeapSize                  = 0                                      {pd product} {ergonomic}
     bool ProfileInterpreter                       = false                                  {pd product} {command line}
    uintx ProfiledCodeHeapSize                     = 0                                      {pd product} {ergonomic}
     bool ShowCodeDetailsInExceptionMessages       = true                                   {manageable} {command line}
   size_t SoftMaxHeapSize                          = 1050673152                             {manageable} {ergonomic}
     intx TieredStopAtLevel                        = 1                                         {product} {command line}
     bool UseCompressedClassPointers               = true                           {product lp64_product} {ergonomic}
     bool UseCompressedOops                        = true                           {product lp64_product} {ergonomic}
     bool UseG1GC                                  = true                                      {product} {ergonomic}
     bool UseLargePagesIndividualAllocation        = false                                  {pd product} {ergonomic}

Logging:
Log output configuration:
 #0: stdout all=warning uptime,level,tags
 #1: stderr all=off uptime,level,tags

Environment Variables:
JAVA_HOME=C:\Program Files\Java\jdk-17
PATH=E:/Software/sts-4.19.1.RELEASE//plugins/org.eclipse.justj.openjdk.hotspot.jre.full.win32.x86_64_17.0.7.v20230425-1502/jre/bin/server;E:/Software/sts-4.19.1.RELEASE//plugins/org.eclipse.justj.openjdk.hotspot.jre.full.win32.x86_64_17.0.7.v20230425-1502/jre/bin;C:\Program Files\Common Files\Oracle\Java\javapath;C:\WINDOWS\system32;C:\WINDOWS;C:\WINDOWS\System32\Wbem;C:\WINDOWS\System32\WindowsPowerShell\v1.0\;C:\WINDOWS\System32\OpenSSH\;C:\Program Files\nodejs\;C:\Program Files\Git\cmd;C:\Program Files\MySQL\MySQL Server 8.0\bin;E:\apache-maven\bin;C:\Program Files\Eclipse Adoptium\jdk-17.0.19.10-hotspot\bin;C:\Program Files\MySQL\MySQL Shell 8.0\bin\;C:\Users\KAUSAL\AppData\Local\Microsoft\WindowsApps;C:\Users\KAUSAL\AppData\Roaming\npm;C:\Users\KAUSAL\AppData\Local\Programs\Microsoft VS Code\bin;C:\Program Files\Java\jdk-17\bin;;E:\Software\sts-4.19.1.RELEASE;
USERNAME=KAUSAL
OS=Windows_NT
PROCESSOR_IDENTIFIER=Intel64 Family 6 Model 78 Stepping 3, GenuineIntel
TMP=C:\Users\KAUSAL\AppData\Local\Temp
TEMP=C:\Users\KAUSAL\AppData\Local\Temp



---------------  S Y S T E M  ---------------

OS:
 Windows 10 , 64 bit Build 19041 (10.0.19041.7663)
OS uptime: 3 days 5:32 hours
Hyper-V role detected

CPU: total 4 (initial active 4) (2 cores per cpu, 2 threads per core) family 6 model 78 stepping 3 microcode 0xf0, cx8, cmov, fxsr, ht, mmx, 3dnowpref, sse, sse2, sse3, ssse3, sse4.1, sse4.2, popcnt, lzcnt, tsc, tscinvbit, avx, avx2, aes, erms, clmul, bmi1, bmi2, adx, fma, vzeroupper, clflush, clflushopt, hv

Memory: 4k page, system-wide physical 4002M (279M free)
TotalPageFile size 12194M (AvailPageFile size 3M)
current process WorkingSet (physical memory assigned to process): 184M, peak: 184M
current process commit charge ("private bytes"): 211M, peak: 211M

vm_info: OpenJDK 64-Bit Server VM (17.0.7+7) for windows-amd64 JRE (17.0.7+7), built on Apr 18 2023 22:10:42 by "temurin" with MS VC++ 16.7 (VS2019)

END.
