#
# There is insufficient memory for the Java Runtime Environment to continue.
# Native memory allocation (malloc) failed to allocate 2097152 bytes for AllocateHeap
# Possible reasons:
#   The system is out of physical RAM or swap space
#   The process is running with CompressedOops enabled, and the Java Heap may be blocking the growth of the native heap
# Possible solutions:
#   Reduce memory load on the system
#   Increase physical memory or swap space
#   Check if swap backing store is full
#   Decrease Java heap size (-Xmx/-Xms)
#   Decrease number of Java threads
#   Decrease Java thread stack sizes (-Xss)
#   Set larger code cache with -XX:ReservedCodeCacheSize=
#   JVM is running with Unscaled Compressed Oops mode in which the Java heap is
#     placed in the first 4GB address space. The Java Heap base address is the
#     maximum limit for the native heap growth. Please use -XX:HeapBaseMinAddress
#     to set the Java Heap base and to place the Java Heap above 4GB virtual address.
# This output file may be truncated or incomplete.
#
#  Out of Memory Error (allocation.cpp:44), pid=10048, tid=16012
#
# JRE version: OpenJDK Runtime Environment Temurin-17.0.7+7 (17.0.7+7) (build 17.0.7+7)
# Java VM: OpenJDK 64-Bit Server VM Temurin-17.0.7+7 (17.0.7+7, mixed mode, emulated-client, tiered, compressed oops, compressed class ptrs, g1 gc, windows-amd64)
# No core dump will be written. Minidumps are not enabled by default on client versions of Windows
#

---------------  S U M M A R Y ------------

Command Line: -Dcom.sun.management.jmxremote -Dcom.sun.management.jmxremote.port=65079 -Dcom.sun.management.jmxremote.authenticate=false -Dcom.sun.management.jmxremote.ssl=false -Djava.rmi.server.hostname=localhost -Dspring.jmx.enabled=true -Dmanagement.endpoints.jmx.exposure.include=* -Dspring.application.admin.enabled=true -XX:TieredStopAtLevel=1 -Dspring.boot.project.name=Maa-Sharda-Academy -Dfile.encoding=UTF-8 -XX:+ShowCodeDetailsInExceptionMessages com.academy.MaaShardaAcademyApplication --spring.output.ansi.enabled=always

Host: Intel(R) Core(TM) i3-6006U CPU @ 2.00GHz, 4 cores, 3G,  Windows 10 , 64 bit Build 19041 (10.0.19041.7663)
Time: Wed Sep 16 06:37:54 2026 Pacific Daylight Time elapsed time: 28681.805473 seconds (0d 7h 58m 1s)

---------------  T H R E A D  ---------------

Current thread (0x0000025c6280fcc0):  VMThread "VM Thread" [stack: 0x000000d408b00000,0x000000d408c00000] [id=16012]

Stack: [0x000000d408b00000,0x000000d408c00000]
Native frames: (J=compiled Java code, j=interpreted, Vv=VM code, C=native code)
V  [jvm.dll+0x67754a]
V  [jvm.dll+0x834304]
V  [jvm.dll+0x835aae]
V  [jvm.dll+0x836113]
V  [jvm.dll+0x24696f]
V  [jvm.dll+0xa681f]
V  [jvm.dll+0x2f7481]
V  [jvm.dll+0x2f30f0]
V  [jvm.dll+0x2db6c7]
V  [jvm.dll+0x31e777]
V  [jvm.dll+0x83a5bb]
V  [jvm.dll+0x83b2f4]
V  [jvm.dll+0x83b80c]
V  [jvm.dll+0x83bbe4]
V  [jvm.dll+0x83bcb0]
V  [jvm.dll+0x7e4e7a]
V  [jvm.dll+0x676395]
C  [ucrtbase.dll+0x21bb2]
C  [KERNEL32.DLL+0x17374]
C  [ntdll.dll+0x4cc91]

VM_Operation (0x000000d4084ff310): G1CollectFull, mode: safepoint, requested by thread 0x0000025c6918dd40


---------------  P R O C E S S  ---------------

Threads class SMR info:
_java_thread_list=0x0000025c69a2b400, length=25, elements={
0x0000025c62835040, 0x0000025c62836040, 0x0000025c6281b6e0, 0x0000025c6281cfb0,
0x0000025c6281e880, 0x0000025c6285b400, 0x0000025c6285bcc0, 0x0000025c62889a50,
0x0000025c55a2bd10, 0x0000025c62b39e30, 0x0000025c67311fc0, 0x0000025c6739a010,
0x0000025c673d47d0, 0x0000025c67459870, 0x0000025c677a9d60, 0x0000025c677aa230,
0x0000025c69247aa0, 0x0000025c6918ced0, 0x0000025c6918ca00, 0x0000025c6918b6c0,
0x0000025c69248440, 0x0000025c69248910, 0x0000025c69245dc0, 0x0000025c692492b0,
0x0000025c6918dd40
}

Java Threads: ( => current thread )
  0x0000025c62835040 JavaThread "Reference Handler" daemon [_thread_blocked, id=1316, stack(0x000000d408c00000,0x000000d408d00000)]
  0x0000025c62836040 JavaThread "Finalizer" daemon [_thread_blocked, id=3176, stack(0x000000d408d00000,0x000000d408e00000)]
  0x0000025c6281b6e0 JavaThread "Signal Dispatcher" daemon [_thread_blocked, id=2696, stack(0x000000d408e00000,0x000000d408f00000)]
  0x0000025c6281cfb0 JavaThread "Attach Listener" daemon [_thread_blocked, id=4476, stack(0x000000d408f00000,0x000000d409000000)]
  0x0000025c6281e880 JavaThread "Service Thread" daemon [_thread_blocked, id=12700, stack(0x000000d409000000,0x000000d409100000)]
  0x0000025c6285b400 JavaThread "Monitor Deflation Thread" daemon [_thread_blocked, id=11612, stack(0x000000d409100000,0x000000d409200000)]
  0x0000025c6285bcc0 JavaThread "C1 CompilerThread0" daemon [_thread_blocked, id=14844, stack(0x000000d409200000,0x000000d409300000)]
  0x0000025c62889a50 JavaThread "Sweeper thread" daemon [_thread_blocked, id=9980, stack(0x000000d409300000,0x000000d409400000)]
  0x0000025c55a2bd10 JavaThread "Common-Cleaner" daemon [_thread_blocked, id=3296, stack(0x000000d409400000,0x000000d409500000)]
  0x0000025c62b39e30 JavaThread "Notification Thread" daemon [_thread_blocked, id=13572, stack(0x000000d409600000,0x000000d409700000)]
  0x0000025c67311fc0 JavaThread "RMI TCP Accept-0" daemon [_thread_in_native, id=14484, stack(0x000000d409700000,0x000000d409800000)]
  0x0000025c6739a010 JavaThread "RMI TCP Accept-65079" daemon [_thread_in_native, id=15744, stack(0x000000d409800000,0x000000d409900000)]
  0x0000025c673d47d0 JavaThread "RMI TCP Accept-0" daemon [_thread_in_native, id=7224, stack(0x000000d409900000,0x000000d409a00000)]
  0x0000025c67459870 JavaThread "RMI Scheduler(0)" daemon [_thread_blocked, id=7140, stack(0x000000d40a100000,0x000000d40a200000)]
  0x0000025c677a9d60 JavaThread "mysql-cj-abandoned-connection-cleanup" daemon [_thread_blocked, id=16380, stack(0x000000d40a600000,0x000000d40a700000)]
  0x0000025c677aa230 JavaThread "Live Reload Server" daemon [_thread_in_native, id=9424, stack(0x000000d40af00000,0x000000d40b000000)]
  0x0000025c69247aa0 JavaThread "DestroyJavaVM" [_thread_blocked, id=3800, stack(0x000000d408500000,0x000000d408600000)]
  0x0000025c6918ced0 JavaThread "JMX server connection timeout 594" daemon [_thread_blocked, id=3248, stack(0x000000d408300000,0x000000d408400000)]
  0x0000025c6918ca00 JavaThread "File Watcher" daemon [_thread_blocked, id=9224, stack(0x000000d409500000,0x000000d409600000)]
  0x0000025c6918b6c0 JavaThread "RMI TCP Connection(291)-127.0.0.1" daemon [_thread_in_native, id=8056, stack(0x000000d408200000,0x000000d408300000)]
  0x0000025c69248440 JavaThread "RMI TCP Connection(290)-127.0.0.1" daemon [_thread_in_native, id=6836, stack(0x000000d40b700000,0x000000d40b800000)]
  0x0000025c69248910 JavaThread "RMI TCP Connection(idle)" daemon [_thread_blocked, id=4008, stack(0x000000d40b900000,0x000000d40ba00000)]
  0x0000025c69245dc0 JavaThread "RMI TCP Connection(292)-127.0.0.1" daemon [_thread_in_native, id=16960, stack(0x000000d40bc00000,0x000000d40bd00000)]
  0x0000025c692492b0 JavaThread "Catalina-utility-2" [_thread_blocked, id=7800, stack(0x000000d40a900000,0x000000d40aa00000)]
  0x0000025c6918dd40 JavaThread "Thread-118" [_thread_blocked, id=12436, stack(0x000000d408400000,0x000000d408500000)]

Other Threads:
=>0x0000025c6280fcc0 VMThread "VM Thread" [stack: 0x000000d408b00000,0x000000d408c00000] [id=16012]
  0x0000025c55981130 WatcherThread [stack: 0x000000d409a00000,0x000000d409b00000] [id=11552]
  0x0000025c559bd4c0 GCTaskThread "GC Thread#0" [stack: 0x000000d408600000,0x000000d408700000] [id=5684]
  0x0000025c67412890 GCTaskThread "GC Thread#1" [stack: 0x000000d409c00000,0x000000d409d00000] [id=15392]
  0x0000025c673efe80 GCTaskThread "GC Thread#2" [stack: 0x000000d409d00000,0x000000d409e00000] [id=12024]
  0x0000025c6745c010 GCTaskThread "GC Thread#3" [stack: 0x000000d409e00000,0x000000d409f00000] [id=14600]
  0x0000025c559c67f0 ConcurrentGCThread "G1 Main Marker" [stack: 0x000000d408700000,0x000000d408800000] [id=15680]
  0x0000025c559c79f0 ConcurrentGCThread "G1 Conc#0" [stack: 0x000000d408800000,0x000000d408900000] [id=12484]
  0x0000025c55a14760 ConcurrentGCThread "G1 Refine#0" [stack: 0x000000d408900000,0x000000d408a00000] [id=1560]
  0x0000025c674ab870 ConcurrentGCThread "G1 Refine#1" [stack: 0x000000d409f00000,0x000000d40a000000] [id=12924]
  0x0000025c674abb50 ConcurrentGCThread "G1 Refine#2" [stack: 0x000000d40a000000,0x000000d40a100000] [id=15112]
  0x0000025c55a15090 ConcurrentGCThread "G1 Service" [stack: 0x000000d408a00000,0x000000d408b00000] [id=2116]

Threads with active compile tasks:

VM state: at safepoint (normal execution)

VM Mutex/Monitor currently owned by a thread:  ([mutex/lock_event])
[0x0000025c55969c60] Threads_lock - owner thread: 0x0000025c6280fcc0
[0x0000025c55969870] Heap_lock - owner thread: 0x0000025c6918dd40

Heap address: 0x00000000c1600000, size: 1002 MB, Compressed Oops mode: 32-bit

CDS archive(s) not mapped
Compressed class space mapped at: 0x0000000100000000-0x0000000140000000, reserved size: 1073741824
Narrow klass base: 0x0000000000000000, Narrow klass shift: 3, Narrow klass range: 0x140000000

GC Precious Log:
 CPUs: 4 total, 4 available
 Memory: 4002M
 Large Page Support: Disabled
 NUMA Support: Disabled
 Compressed Oops: Enabled (32-bit)
 Heap Region Size: 1M
 Heap Min Capacity: 8M
 Heap Initial Capacity: 64M
 Heap Max Capacity: 1002M
 Pre-touch: Disabled
 Parallel Workers: 4
 Concurrent Workers: 1
 Concurrent Refinement Workers: 4
 Periodic GC: Disabled

Heap:
 garbage-first heap   total 106496K, used 44314K [0x00000000c1600000, 0x0000000100000000)
  region size 1024K, 11 young (11264K), 3 survivors (3072K)
 Metaspace       used 87438K, committed 88384K, reserved 1179648K
  class space    used 11763K, committed 12160K, reserved 1048576K

Heap Regions: E=young(eden), S=young(survivor), O=old, HS=humongous(starts), HC=humongous(continues), CS=collection set, F=free, OA=open archive, CA=closed archive, TAMS=top-at-mark-start (previous, next)
|   0|0x00000000c1600000, 0x00000000c1700000, 0x00000000c1700000|100%|HS|  |TAMS 0x00000000c1700000, 0x00000000c1600000| Complete 
|   1|0x00000000c1700000, 0x00000000c1800000, 0x00000000c1800000|100%|HS|  |TAMS 0x00000000c1800000, 0x00000000c1700000| Complete 
|   2|0x00000000c1800000, 0x00000000c1900000, 0x00000000c1900000|100%| O|  |TAMS 0x00000000c1900000, 0x00000000c1800000| Untracked 
|   3|0x00000000c1900000, 0x00000000c1a00000, 0x00000000c1a00000|100%| O|  |TAMS 0x00000000c1a00000, 0x00000000c1900000| Untracked 
|   4|0x00000000c1a00000, 0x00000000c1afffd0, 0x00000000c1b00000| 99%| O|  |TAMS 0x00000000c1afffd0, 0x00000000c1a00000| Untracked 
|   5|0x00000000c1b00000, 0x00000000c1bffff0, 0x00000000c1c00000| 99%| O|  |TAMS 0x00000000c1bffff0, 0x00000000c1b00000| Untracked 
|   6|0x00000000c1c00000, 0x00000000c1d00000, 0x00000000c1d00000|100%| O|  |TAMS 0x00000000c1d00000, 0x00000000c1c00000| Untracked 
|   7|0x00000000c1d00000, 0x00000000c1dffff8, 0x00000000c1e00000| 99%| O|  |TAMS 0x00000000c1dffff8, 0x00000000c1d00000| Untracked 
|   8|0x00000000c1e00000, 0x00000000c1efffe0, 0x00000000c1f00000| 99%| O|  |TAMS 0x00000000c1efffe0, 0x00000000c1e00000| Untracked 
|   9|0x00000000c1f00000, 0x00000000c2000000, 0x00000000c2000000|100%| O|  |TAMS 0x00000000c2000000, 0x00000000c1f00000| Untracked 
|  10|0x00000000c2000000, 0x00000000c2100000, 0x00000000c2100000|100%| O|  |TAMS 0x00000000c2100000, 0x00000000c2000000| Untracked 
|  11|0x00000000c2100000, 0x00000000c21fffc0, 0x00000000c2200000| 99%| O|  |TAMS 0x00000000c21fffc0, 0x00000000c2100000| Untracked 
|  12|0x00000000c2200000, 0x00000000c22ffff8, 0x00000000c2300000| 99%| O|  |TAMS 0x00000000c22ffff8, 0x00000000c2200000| Untracked 
|  13|0x00000000c2300000, 0x00000000c23fffe8, 0x00000000c2400000| 99%| O|  |TAMS 0x00000000c23fffe8, 0x00000000c2300000| Untracked 
|  14|0x00000000c2400000, 0x00000000c2500000, 0x00000000c2500000|100%| O|  |TAMS 0x00000000c2500000, 0x00000000c2400000| Untracked 
|  15|0x00000000c2500000, 0x00000000c25fffd8, 0x00000000c2600000| 99%| O|  |TAMS 0x00000000c25fffd8, 0x00000000c2500000| Untracked 
|  16|0x00000000c2600000, 0x00000000c2700000, 0x00000000c2700000|100%| O|  |TAMS 0x00000000c2700000, 0x00000000c2600000| Untracked 
|  17|0x00000000c2700000, 0x00000000c27ffff0, 0x00000000c2800000| 99%| O|  |TAMS 0x00000000c27ffff0, 0x00000000c2700000| Untracked 
|  18|0x00000000c2800000, 0x00000000c28fffb0, 0x00000000c2900000| 99%| O|  |TAMS 0x00000000c28fffb0, 0x00000000c2800000| Untracked 
|  19|0x00000000c2900000, 0x00000000c2a00000, 0x00000000c2a00000|100%| O|  |TAMS 0x00000000c2a00000, 0x00000000c2900000| Untracked 
|  20|0x00000000c2a00000, 0x00000000c2affff0, 0x00000000c2b00000| 99%| O|  |TAMS 0x00000000c2affff0, 0x00000000c2a00000| Untracked 
|  21|0x00000000c2b00000, 0x00000000c2bfffd8, 0x00000000c2c00000| 99%| O|  |TAMS 0x00000000c2bfffd8, 0x00000000c2b00000| Untracked 
|  22|0x00000000c2c00000, 0x00000000c2cffff0, 0x00000000c2d00000| 99%| O|  |TAMS 0x00000000c2cffff0, 0x00000000c2c00000| Untracked 
|  23|0x00000000c2d00000, 0x00000000c2dffff0, 0x00000000c2e00000| 99%| O|  |TAMS 0x00000000c2dffff0, 0x00000000c2d00000| Untracked 
|  24|0x00000000c2e00000, 0x00000000c2effff8, 0x00000000c2f00000| 99%| O|  |TAMS 0x00000000c2effff8, 0x00000000c2e00000| Untracked 
|  25|0x00000000c2f00000, 0x00000000c2fffff0, 0x00000000c3000000| 99%| O|  |TAMS 0x00000000c2fffff0, 0x00000000c2f00000| Untracked 
|  26|0x00000000c3000000, 0x00000000c30fff58, 0x00000000c3100000| 99%| O|  |TAMS 0x00000000c30fff58, 0x00000000c3000000| Untracked 
|  27|0x00000000c3100000, 0x00000000c31fffe8, 0x00000000c3200000| 99%| O|  |TAMS 0x00000000c31fffe8, 0x00000000c3100000| Untracked 
|  28|0x00000000c3200000, 0x00000000c32b1148, 0x00000000c3300000| 69%| O|  |TAMS 0x00000000c32b1148, 0x00000000c3200000| Untracked 
|  29|0x00000000c3300000, 0x00000000c3400000, 0x00000000c3400000|100%| O|  |TAMS 0x00000000c3300000, 0x00000000c3300000| Untracked 
|  30|0x00000000c3400000, 0x00000000c3500000, 0x00000000c3500000|100%| O|  |TAMS 0x00000000c3400000, 0x00000000c3400000| Untracked 
|  31|0x00000000c3500000, 0x00000000c3600000, 0x00000000c3600000|100%| O|  |TAMS 0x00000000c3500000, 0x00000000c3500000| Untracked 
|  32|0x00000000c3600000, 0x00000000c368dc00, 0x00000000c3700000| 55%| O|  |TAMS 0x00000000c3600000, 0x00000000c3600000| Untracked 
|  33|0x00000000c3700000, 0x00000000c3700000, 0x00000000c3800000|  0%| F|  |TAMS 0x00000000c3700000, 0x00000000c3700000| Untracked 
|  34|0x00000000c3800000, 0x00000000c3800000, 0x00000000c3900000|  0%| F|  |TAMS 0x00000000c3800000, 0x00000000c3800000| Untracked 
|  35|0x00000000c3900000, 0x00000000c3900000, 0x00000000c3a00000|  0%| F|  |TAMS 0x00000000c3900000, 0x00000000c3900000| Untracked 
|  36|0x00000000c3a00000, 0x00000000c3a00000, 0x00000000c3b00000|  0%| F|  |TAMS 0x00000000c3a00000, 0x00000000c3a00000| Untracked 
|  37|0x00000000c3b00000, 0x00000000c3b00000, 0x00000000c3c00000|  0%| F|  |TAMS 0x00000000c3b00000, 0x00000000c3b00000| Untracked 
|  38|0x00000000c3c00000, 0x00000000c3c00000, 0x00000000c3d00000|  0%| F|  |TAMS 0x00000000c3c00000, 0x00000000c3c00000| Untracked 
|  39|0x00000000c3d00000, 0x00000000c3d00000, 0x00000000c3e00000|  0%| F|  |TAMS 0x00000000c3d00000, 0x00000000c3d00000| Untracked 
|  40|0x00000000c3e00000, 0x00000000c3e00000, 0x00000000c3f00000|  0%| F|  |TAMS 0x00000000c3e00000, 0x00000000c3e00000| Untracked 
|  41|0x00000000c3f00000, 0x00000000c3f00000, 0x00000000c4000000|  0%| F|  |TAMS 0x00000000c3f00000, 0x00000000c3f00000| Untracked 
|  42|0x00000000c4000000, 0x00000000c4000000, 0x00000000c4100000|  0%| F|  |TAMS 0x00000000c4000000, 0x00000000c4000000| Untracked 
|  43|0x00000000c4100000, 0x00000000c4100000, 0x00000000c4200000|  0%| F|  |TAMS 0x00000000c4100000, 0x00000000c4100000| Untracked 
|  44|0x00000000c4200000, 0x00000000c4200000, 0x00000000c4300000|  0%| F|  |TAMS 0x00000000c4200000, 0x00000000c4200000| Untracked 
|  45|0x00000000c4300000, 0x00000000c4300000, 0x00000000c4400000|  0%| F|  |TAMS 0x00000000c4300000, 0x00000000c4300000| Untracked 
|  46|0x00000000c4400000, 0x00000000c4400000, 0x00000000c4500000|  0%| F|  |TAMS 0x00000000c4400000, 0x00000000c4400000| Untracked 
|  47|0x00000000c4500000, 0x00000000c4500000, 0x00000000c4600000|  0%| F|  |TAMS 0x00000000c4500000, 0x00000000c4500000| Untracked 
|  48|0x00000000c4600000, 0x00000000c4600000, 0x00000000c4700000|  0%| F|  |TAMS 0x00000000c4600000, 0x00000000c4600000| Untracked 
|  49|0x00000000c4700000, 0x00000000c4700000, 0x00000000c4800000|  0%| F|  |TAMS 0x00000000c4700000, 0x00000000c4700000| Untracked 
|  50|0x00000000c4800000, 0x00000000c4800000, 0x00000000c4900000|  0%| F|  |TAMS 0x00000000c4800000, 0x00000000c4800000| Untracked 
|  51|0x00000000c4900000, 0x00000000c4900000, 0x00000000c4a00000|  0%| F|  |TAMS 0x00000000c4900000, 0x00000000c4900000| Untracked 
|  52|0x00000000c4a00000, 0x00000000c4aefd80, 0x00000000c4b00000| 93%| S|CS|TAMS 0x00000000c4a00000, 0x00000000c4a00000| Complete 
|  53|0x00000000c4b00000, 0x00000000c4bffff0, 0x00000000c4c00000| 99%| O|  |TAMS 0x00000000c4bffff0, 0x00000000c4b00000| Untracked 
|  54|0x00000000c4c00000, 0x00000000c4d00000, 0x00000000c4d00000|100%| S|CS|TAMS 0x00000000c4c00000, 0x00000000c4c00000| Complete 
|  55|0x00000000c4d00000, 0x00000000c4d18180, 0x00000000c4e00000|  9%| O|  |TAMS 0x00000000c4d18180, 0x00000000c4d00000| Untracked 
|  56|0x00000000c4e00000, 0x00000000c4f00000, 0x00000000c4f00000|100%| S|CS|TAMS 0x00000000c4e00000, 0x00000000c4e00000| Complete 
|  57|0x00000000c4f00000, 0x00000000c4f00000, 0x00000000c5000000|  0%| F|  |TAMS 0x00000000c4f00000, 0x00000000c4f00000| Untracked 
|  58|0x00000000c5000000, 0x00000000c5000000, 0x00000000c5100000|  0%| F|  |TAMS 0x00000000c5000000, 0x00000000c5000000| Untracked 
|  59|0x00000000c5100000, 0x00000000c5100000, 0x00000000c5200000|  0%| F|  |TAMS 0x00000000c5100000, 0x00000000c5100000| Untracked 
|  60|0x00000000c5200000, 0x00000000c5200000, 0x00000000c5300000|  0%| F|  |TAMS 0x00000000c5200000, 0x00000000c5200000| Untracked 
|  61|0x00000000c5300000, 0x00000000c5300000, 0x00000000c5400000|  0%| F|  |TAMS 0x00000000c5300000, 0x00000000c5300000| Untracked 
|  62|0x00000000c5400000, 0x00000000c5400000, 0x00000000c5500000|  0%| F|  |TAMS 0x00000000c5400000, 0x00000000c5400000| Untracked 
|  63|0x00000000c5500000, 0x00000000c5500000, 0x00000000c5600000|  0%| F|  |TAMS 0x00000000c5500000, 0x00000000c5500000| Untracked 
|  64|0x00000000c5600000, 0x00000000c5600000, 0x00000000c5700000|  0%| F|  |TAMS 0x00000000c5600000, 0x00000000c5600000| Untracked 
|  65|0x00000000c5700000, 0x00000000c5700000, 0x00000000c5800000|  0%| F|  |TAMS 0x00000000c5700000, 0x00000000c5700000| Untracked 
|  66|0x00000000c5800000, 0x00000000c5800000, 0x00000000c5900000|  0%| F|  |TAMS 0x00000000c5800000, 0x00000000c5800000| Untracked 
|  67|0x00000000c5900000, 0x00000000c5900000, 0x00000000c5a00000|  0%| F|  |TAMS 0x00000000c5900000, 0x00000000c5900000| Untracked 
|  68|0x00000000c5a00000, 0x00000000c5a00000, 0x00000000c5b00000|  0%| F|  |TAMS 0x00000000c5a00000, 0x00000000c5a00000| Untracked 
|  69|0x00000000c5b00000, 0x00000000c5b00000, 0x00000000c5c00000|  0%| F|  |TAMS 0x00000000c5b00000, 0x00000000c5b00000| Untracked 
|  70|0x00000000c5c00000, 0x00000000c5c00000, 0x00000000c5d00000|  0%| F|  |TAMS 0x00000000c5c00000, 0x00000000c5c00000| Untracked 
|  71|0x00000000c5d00000, 0x00000000c5d00000, 0x00000000c5e00000|  0%| F|  |TAMS 0x00000000c5d00000, 0x00000000c5d00000| Untracked 
|  72|0x00000000c5e00000, 0x00000000c5e00000, 0x00000000c5f00000|  0%| F|  |TAMS 0x00000000c5e00000, 0x00000000c5e00000| Untracked 
|  73|0x00000000c5f00000, 0x00000000c5f00000, 0x00000000c6000000|  0%| F|  |TAMS 0x00000000c5f00000, 0x00000000c5f00000| Untracked 
|  74|0x00000000c6000000, 0x00000000c6000000, 0x00000000c6100000|  0%| F|  |TAMS 0x00000000c6000000, 0x00000000c6000000| Untracked 
|  75|0x00000000c6100000, 0x00000000c6100000, 0x00000000c6200000|  0%| F|  |TAMS 0x00000000c6100000, 0x00000000c6100000| Untracked 
|  76|0x00000000c6200000, 0x00000000c6200000, 0x00000000c6300000|  0%| F|  |TAMS 0x00000000c6200000, 0x00000000c6200000| Untracked 
|  77|0x00000000c6300000, 0x00000000c6300000, 0x00000000c6400000|  0%| F|  |TAMS 0x00000000c6300000, 0x00000000c6300000| Untracked 
|  78|0x00000000c6400000, 0x00000000c6400000, 0x00000000c6500000|  0%| F|  |TAMS 0x00000000c6400000, 0x00000000c6400000| Untracked 
|  79|0x00000000c6500000, 0x00000000c6500000, 0x00000000c6600000|  0%| F|  |TAMS 0x00000000c6500000, 0x00000000c6500000| Untracked 
|  80|0x00000000c6600000, 0x00000000c6600000, 0x00000000c6700000|  0%| F|  |TAMS 0x00000000c6600000, 0x00000000c6600000| Untracked 
|  81|0x00000000c6700000, 0x00000000c6700000, 0x00000000c6800000|  0%| F|  |TAMS 0x00000000c6700000, 0x00000000c6700000| Untracked 
|  82|0x00000000c6800000, 0x00000000c6800000, 0x00000000c6900000|  0%| F|  |TAMS 0x00000000c6800000, 0x00000000c6800000| Untracked 
|  83|0x00000000c6900000, 0x00000000c6900000, 0x00000000c6a00000|  0%| F|  |TAMS 0x00000000c6900000, 0x00000000c6900000| Untracked 
|  84|0x00000000c6a00000, 0x00000000c6a00000, 0x00000000c6b00000|  0%| F|  |TAMS 0x00000000c6a00000, 0x00000000c6a00000| Untracked 
|  85|0x00000000c6b00000, 0x00000000c6b00000, 0x00000000c6c00000|  0%| F|  |TAMS 0x00000000c6b00000, 0x00000000c6b00000| Untracked 
|  86|0x00000000c6c00000, 0x00000000c6c00000, 0x00000000c6d00000|  0%| F|  |TAMS 0x00000000c6c00000, 0x00000000c6c00000| Untracked 
|  87|0x00000000c6d00000, 0x00000000c6d00000, 0x00000000c6e00000|  0%| F|  |TAMS 0x00000000c6d00000, 0x00000000c6d00000| Untracked 
|  88|0x00000000c6e00000, 0x00000000c6e00000, 0x00000000c6f00000|  0%| F|  |TAMS 0x00000000c6e00000, 0x00000000c6e00000| Untracked 
|  89|0x00000000c6f00000, 0x00000000c6f00000, 0x00000000c7000000|  0%| F|  |TAMS 0x00000000c6f00000, 0x00000000c6f00000| Untracked 
|  90|0x00000000c7000000, 0x00000000c7000000, 0x00000000c7100000|  0%| F|  |TAMS 0x00000000c7000000, 0x00000000c7000000| Untracked 
|  91|0x00000000c7100000, 0x00000000c7100000, 0x00000000c7200000|  0%| F|  |TAMS 0x00000000c7100000, 0x00000000c7100000| Untracked 
|  92|0x00000000c7200000, 0x00000000c7200000, 0x00000000c7300000|  0%| F|  |TAMS 0x00000000c7200000, 0x00000000c7200000| Untracked 
|  93|0x00000000c7300000, 0x00000000c7300000, 0x00000000c7400000|  0%| F|  |TAMS 0x00000000c7300000, 0x00000000c7300000| Untracked 
|  94|0x00000000c7400000, 0x00000000c7400000, 0x00000000c7500000|  0%| F|  |TAMS 0x00000000c7400000, 0x00000000c7400000| Untracked 
|  95|0x00000000c7500000, 0x00000000c7500000, 0x00000000c7600000|  0%| F|  |TAMS 0x00000000c7500000, 0x00000000c7500000| Untracked 
|  96|0x00000000c7600000, 0x00000000c7692428, 0x00000000c7700000| 57%| E|  |TAMS 0x00000000c7600000, 0x00000000c7600000| Complete 
|  97|0x00000000c7700000, 0x00000000c7800000, 0x00000000c7800000|100%| E|CS|TAMS 0x00000000c7700000, 0x00000000c7700000| Complete 
|  98|0x00000000c7800000, 0x00000000c7900000, 0x00000000c7900000|100%| E|CS|TAMS 0x00000000c7800000, 0x00000000c7800000| Complete 
|  99|0x00000000c7900000, 0x00000000c7a00000, 0x00000000c7a00000|100%| E|CS|TAMS 0x00000000c7900000, 0x00000000c7900000| Complete 
| 100|0x00000000c7a00000, 0x00000000c7b00000, 0x00000000c7b00000|100%| E|CS|TAMS 0x00000000c7a00000, 0x00000000c7a00000| Complete 
| 101|0x00000000c7b00000, 0x00000000c7c00000, 0x00000000c7c00000|100%| E|CS|TAMS 0x00000000c7b00000, 0x00000000c7b00000| Complete 
| 102|0x00000000c7c00000, 0x00000000c7d00000, 0x00000000c7d00000|100%| E|CS|TAMS 0x00000000c7c00000, 0x00000000c7c00000| Complete 
| 103|0x00000000c7d00000, 0x00000000c7e00000, 0x00000000c7e00000|100%| E|CS|TAMS 0x00000000c7d00000, 0x00000000c7d00000| Complete 

Card table byte_map: [0x0000025c5deb0000,0x0000025c5e0b0000] _byte_map_base: 0x0000025c5d8a5000

Marking Bits (Prev, Next): (CMBitMap*) 0x0000025c559bda20, (CMBitMap*) 0x0000025c559bd9e0
 Prev Bits: [0x0000025c5f260000, 0x0000025c60208000)
 Next Bits: [0x0000025c5e2b0000, 0x0000025c5f258000)

Polling page: 0x0000025c55a40000

Metaspace:

Usage:
  Non-class:     73.90 MB used.
      Class:     11.49 MB used.
       Both:     85.39 MB used.

Virtual space:
  Non-class space:      128.00 MB reserved,      74.44 MB ( 58%) committed,  2 nodes.
      Class space:        1.00 GB reserved,      11.88 MB (  1%) committed,  1 nodes.
             Both:        1.12 GB reserved,      86.31 MB (  7%) committed. 

Chunk freelists:
   Non-Class:  4.91 MB
       Class:  4.01 MB
        Both:  8.92 MB

MaxMetaspaceSize: unlimited
CompressedClassSpaceSize: 1.00 GB
Initial GC threshold: 21.00 MB
Current GC threshold: 143.38 MB
CDS: off
MetaspaceReclaimPolicy: balanced
 - commit_granule_bytes: 65536.
 - commit_granule_words: 8192.
 - virtual_space_node_default_size: 8388608.
 - enlarge_chunks_in_place: 1.
 - new_chunks_are_fully_committed: 0.
 - uncommit_free_chunks: 1.
 - use_allocation_guard: 0.
 - handle_deallocations: 1.


Internal statistics:

num_allocs_failed_limit: 9.
num_arena_births: 2158.
num_arena_deaths: 1202.
num_vsnodes_births: 3.
num_vsnodes_deaths: 0.
num_space_committed: 1384.
num_space_uncommitted: 5.
num_chunks_returned_to_freelist: 1706.
num_chunks_taken_from_freelist: 6301.
num_chunk_merges: 481.
num_chunk_splits: 3537.
num_chunks_enlarged: 2292.
num_inconsistent_stats: 0.

CodeCache: size=49152Kb used=22807Kb max_used=22807Kb free=26344Kb
 bounds [0x0000025c5a800000, 0x0000025c5be50000, 0x0000025c5d800000]
 total_blobs=14066 nmethods=13400 adapters=591
 compilation: enabled
              stopped_count=0, restarted_count=0
 full_count=0

Compilation events (20 events):
Event: 28674.238 Thread 0x0000025c6285bcc0 13456       1       java.time.format.DateTimeFormatterBuilder$CompositePrinterParser::<init> (15 bytes)
Event: 28674.238 Thread 0x0000025c6285bcc0 nmethod 13456 0x0000025c5be42e90 code [0x0000025c5be43020, 0x0000025c5be43138]
Event: 28675.190 Thread 0x0000025c6285bcc0 13457       1       com.fasterxml.jackson.databind.introspect.SimpleMixInResolver::addLocalDefinition (38 bytes)
Event: 28675.191 Thread 0x0000025c6285bcc0 nmethod 13457 0x0000025c5be43190 code [0x0000025c5be43360, 0x0000025c5be436a8]
Event: 28675.229 Thread 0x0000025c6285bcc0 13458       1       com.fasterxml.jackson.databind.ObjectMapper$1::addSerializers (19 bytes)
Event: 28675.230 Thread 0x0000025c6285bcc0 nmethod 13458 0x0000025c5be43890 code [0x0000025c5be43a40, 0x0000025c5be43bb8]
Event: 28675.230 Thread 0x0000025c6285bcc0 13459       1       com.fasterxml.jackson.databind.ser.BasicSerializerFactory::withAdditionalSerializers (13 bytes)
Event: 28675.230 Thread 0x0000025c6285bcc0 nmethod 13459 0x0000025c5be43d10 code [0x0000025c5be43ec0, 0x0000025c5be43fd8]
Event: 28681.544 Thread 0x0000025c6285bcc0 13460   !   1       org.springframework.context.support.ApplicationListenerDetector::postProcessBeforeDestruction (43 bytes)
Event: 28681.545 Thread 0x0000025c6285bcc0 nmethod 13460 0x0000025c5be44110 code [0x0000025c5be44300, 0x0000025c5be44658]
Event: 28681.545 Thread 0x0000025c6285bcc0 13461   !   1       org.springframework.context.event.AbstractApplicationEventMulticaster::removeApplicationListener (41 bytes)
Event: 28681.545 Thread 0x0000025c6285bcc0 nmethod 13461 0x0000025c5be44990 code [0x0000025c5be44b40, 0x0000025c5be44d38]
Event: 28681.545 Thread 0x0000025c6285bcc0 13462   !   1       org.springframework.context.event.AbstractApplicationEventMulticaster::removeApplicationListenerBean (41 bytes)
Event: 28681.546 Thread 0x0000025c6285bcc0 nmethod 13462 0x0000025c5be44e90 code [0x0000025c5be45040, 0x0000025c5be45238]
Event: 28681.546 Thread 0x0000025c6285bcc0 13463       1       javax.management.ObjectName::hashCode (8 bytes)
Event: 28681.546 Thread 0x0000025c6285bcc0 nmethod 13463 0x0000025c5be45390 code [0x0000025c5be45520, 0x0000025c5be45608]
Event: 28681.551 Thread 0x0000025c6285bcc0 13464       1       java.lang.ThreadLocal::createMap (14 bytes)
Event: 28681.551 Thread 0x0000025c6285bcc0 nmethod 13464 0x0000025c5be45690 code [0x0000025c5be45840, 0x0000025c5be459e8]
Event: 28681.558 Thread 0x0000025c6285bcc0 13465       1       java.util.logging.LogRecord::setLoggerName (6 bytes)
Event: 28681.558 Thread 0x0000025c6285bcc0 nmethod 13465 0x0000025c5be45b10 code [0x0000025c5be45ca0, 0x0000025c5be45db8]

GC Heap History (20 events):
Event: 28559.124 GC heap before
{Heap before GC invocations=177 (full 25):
 garbage-first heap   total 106496K, used 79428K [0x00000000c1600000, 0x0000000100000000)
  region size 1024K, 48 young (49152K), 0 survivors (0K)
 Metaspace       used 86201K, committed 87104K, reserved 1179648K
  class space    used 11647K, committed 12032K, reserved 1048576K
}
Event: 28559.143 GC heap after
{Heap after GC invocations=178 (full 25):
 garbage-first heap   total 106496K, used 33894K [0x00000000c1600000, 0x0000000100000000)
  region size 1024K, 4 young (4096K), 4 survivors (4096K)
 Metaspace       used 86201K, committed 87104K, reserved 1179648K
  class space    used 11647K, committed 12032K, reserved 1048576K
}
Event: 28564.457 GC heap before
{Heap before GC invocations=179 (full 25):
 garbage-first heap   total 106496K, used 80998K [0x00000000c1600000, 0x0000000100000000)
  region size 1024K, 50 young (51200K), 4 survivors (4096K)
 Metaspace       used 86359K, committed 87232K, reserved 1179648K
  class space    used 11650K, committed 12032K, reserved 1048576K
}
Event: 28564.498 GC heap after
{Heap after GC invocations=180 (full 25):
 garbage-first heap   total 106496K, used 37183K [0x00000000c1600000, 0x0000000100000000)
  region size 1024K, 7 young (7168K), 7 survivors (7168K)
 Metaspace       used 86359K, committed 87232K, reserved 1179648K
  class space    used 11650K, committed 12032K, reserved 1048576K
}
Event: 28584.394 GC heap before
{Heap before GC invocations=180 (full 25):
 garbage-first heap   total 106496K, used 48447K [0x00000000c1600000, 0x0000000100000000)
  region size 1024K, 19 young (19456K), 7 survivors (7168K)
 Metaspace       used 86409K, committed 87296K, reserved 1179648K
  class space    used 11658K, committed 12032K, reserved 1048576K
}
Event: 28585.491 GC heap after
{Heap after GC invocations=181 (full 26):
 garbage-first heap   total 106496K, used 30180K [0x00000000c1600000, 0x0000000100000000)
  region size 1024K, 0 young (0K), 0 survivors (0K)
 Metaspace       used 86378K, committed 87296K, reserved 1179648K
  class space    used 11655K, committed 12032K, reserved 1048576K
}
Event: 28592.738 GC heap before
{Heap before GC invocations=181 (full 26):
 garbage-first heap   total 106496K, used 79332K [0x00000000c1600000, 0x0000000100000000)
  region size 1024K, 49 young (50176K), 0 survivors (0K)
 Metaspace       used 86486K, committed 87424K, reserved 1179648K
  class space    used 11670K, committed 12096K, reserved 1048576K
}
Event: 28592.769 GC heap after
{Heap after GC invocations=182 (full 26):
 garbage-first heap   total 106496K, used 34276K [0x00000000c1600000, 0x0000000100000000)
  region size 1024K, 4 young (4096K), 4 survivors (4096K)
 Metaspace       used 86486K, committed 87424K, reserved 1179648K
  class space    used 11670K, committed 12096K, reserved 1048576K
}
Event: 28594.165 GC heap before
{Heap before GC invocations=183 (full 26):
 garbage-first heap   total 106496K, used 82404K [0x00000000c1600000, 0x0000000100000000)
  region size 1024K, 51 young (52224K), 4 survivors (4096K)
 Metaspace       used 86748K, committed 87680K, reserved 1179648K
  class space    used 11693K, committed 12096K, reserved 1048576K
}
Event: 28594.176 GC heap after
{Heap after GC invocations=184 (full 26):
 garbage-first heap   total 106496K, used 36324K [0x00000000c1600000, 0x0000000100000000)
  region size 1024K, 6 young (6144K), 6 survivors (6144K)
 Metaspace       used 86748K, committed 87680K, reserved 1179648K
  class space    used 11693K, committed 12096K, reserved 1048576K
}
Event: 28655.357 GC heap before
{Heap before GC invocations=184 (full 26):
 garbage-first heap   total 106496K, used 48612K [0x00000000c1600000, 0x0000000100000000)
  region size 1024K, 19 young (19456K), 6 survivors (6144K)
 Metaspace       used 86759K, committed 87680K, reserved 1179648K
  class space    used 11695K, committed 12096K, reserved 1048576K
}
Event: 28656.968 GC heap after
{Heap after GC invocations=185 (full 27):
 garbage-first heap   total 106496K, used 30443K [0x00000000c1600000, 0x0000000100000000)
  region size 1024K, 0 young (0K), 0 survivors (0K)
 Metaspace       used 86741K, committed 87680K, reserved 1179648K
  class space    used 11694K, committed 12096K, reserved 1048576K
}
Event: 28662.503 GC heap before
{Heap before GC invocations=185 (full 27):
 garbage-first heap   total 106496K, used 79595K [0x00000000c1600000, 0x0000000100000000)
  region size 1024K, 49 young (50176K), 0 survivors (0K)
 Metaspace       used 86837K, committed 87744K, reserved 1179648K
  class space    used 11705K, committed 12096K, reserved 1048576K
}
Event: 28662.524 GC heap after
{Heap after GC invocations=186 (full 27):
 garbage-first heap   total 198656K, used 34539K [0x00000000c1600000, 0x0000000100000000)
  region size 1024K, 4 young (4096K), 4 survivors (4096K)
 Metaspace       used 86837K, committed 87744K, reserved 1179648K
  class space    used 11705K, committed 12096K, reserved 1048576K
}
Event: 28670.182 GC heap before
{Heap before GC invocations=187 (full 27):
 garbage-first heap   total 126976K, used 92907K [0x00000000c1600000, 0x0000000100000000)
  region size 1024K, 62 young (63488K), 4 survivors (4096K)
 Metaspace       used 87083K, committed 88064K, reserved 1179648K
  class space    used 11726K, committed 12160K, reserved 1048576K
}
Event: 28670.329 GC heap after
{Heap after GC invocations=188 (full 28):
 garbage-first heap   total 106496K, used 30500K [0x00000000c1600000, 0x0000000100000000)
  region size 1024K, 0 young (0K), 0 survivors (0K)
 Metaspace       used 87065K, committed 88064K, reserved 1179648K
  class space    used 11724K, committed 12160K, reserved 1048576K
}
Event: 28672.840 GC heap before
{Heap before GC invocations=188 (full 28):
 garbage-first heap   total 106496K, used 81700K [0x00000000c1600000, 0x0000000100000000)
  region size 1024K, 50 young (51200K), 0 survivors (0K)
 Metaspace       used 87198K, committed 88128K, reserved 1179648K
  class space    used 11743K, committed 12160K, reserved 1048576K
}
Event: 28672.856 GC heap after
{Heap after GC invocations=189 (full 28):
 garbage-first heap   total 106496K, used 34789K [0x00000000c1600000, 0x0000000100000000)
  region size 1024K, 5 young (5120K), 5 survivors (5120K)
 Metaspace       used 87198K, committed 88128K, reserved 1179648K
  class space    used 11743K, committed 12160K, reserved 1048576K
}
Event: 28675.651 GC heap before
{Heap before GC invocations=190 (full 28):
 garbage-first heap   total 106496K, used 82917K [0x00000000c1600000, 0x0000000100000000)
  region size 1024K, 52 young (53248K), 5 survivors (5120K)
 Metaspace       used 87432K, committed 88384K, reserved 1179648K
  class space    used 11761K, committed 12160K, reserved 1048576K
}
Event: 28675.683 GC heap after
{Heap after GC invocations=191 (full 28):
 garbage-first heap   total 106496K, used 37146K [0x00000000c1600000, 0x0000000100000000)
  region size 1024K, 3 young (3072K), 3 survivors (3072K)
 Metaspace       used 87432K, committed 88384K, reserved 1179648K
  class space    used 11761K, committed 12160K, reserved 1048576K
}

Dll operation events (9 events):
Event: 0.022 Loaded shared library E:\Software\sts-4.19.1.RELEASE\plugins\org.eclipse.justj.openjdk.hotspot.jre.full.win32.x86_64_17.0.7.v20230425-1502\jre\bin\java.dll
Event: 0.751 Loaded shared library E:\Software\sts-4.19.1.RELEASE\plugins\org.eclipse.justj.openjdk.hotspot.jre.full.win32.x86_64_17.0.7.v20230425-1502\jre\bin\jimage.dll
Event: 0.822 Loaded shared library E:\Software\sts-4.19.1.RELEASE\plugins\org.eclipse.justj.openjdk.hotspot.jre.full.win32.x86_64_17.0.7.v20230425-1502\jre\bin\net.dll
Event: 0.827 Loaded shared library E:\Software\sts-4.19.1.RELEASE\plugins\org.eclipse.justj.openjdk.hotspot.jre.full.win32.x86_64_17.0.7.v20230425-1502\jre\bin\nio.dll
Event: 0.838 Loaded shared library E:\Software\sts-4.19.1.RELEASE\plugins\org.eclipse.justj.openjdk.hotspot.jre.full.win32.x86_64_17.0.7.v20230425-1502\jre\bin\zip.dll
Event: 1.026 Loaded shared library E:\Software\sts-4.19.1.RELEASE\plugins\org.eclipse.justj.openjdk.hotspot.jre.full.win32.x86_64_17.0.7.v20230425-1502\jre\bin\management.dll
Event: 1.069 Loaded shared library E:\Software\sts-4.19.1.RELEASE\plugins\org.eclipse.justj.openjdk.hotspot.jre.full.win32.x86_64_17.0.7.v20230425-1502\jre\bin\management_ext.dll
Event: 5.772 Loaded shared library E:\Software\sts-4.19.1.RELEASE\plugins\org.eclipse.justj.openjdk.hotspot.jre.full.win32.x86_64_17.0.7.v20230425-1502\jre\bin\sunmscapi.dll
Event: 13.733 Loaded shared library E:\Software\sts-4.19.1.RELEASE\plugins\org.eclipse.justj.openjdk.hotspot.jre.full.win32.x86_64_17.0.7.v20230425-1502\jre\bin\verify.dll

Deoptimization events (10 events):
Event: 4.968 Thread 0x0000025c677acd80 DEOPT PACKING pc=0x0000025c5acbaf99 sp=0x000000d40a5fcc10
Event: 4.968 Thread 0x0000025c677acd80 DEOPT UNPACKING pc=0x0000025c5a857143 sp=0x000000d40a5fc0f0 mode 3
Event: 5.440 Thread 0x0000025c677acd80 DEOPT PACKING pc=0x0000025c5ad1f055 sp=0x000000d40a5fd1f0
Event: 5.441 Thread 0x0000025c677acd80 DEOPT UNPACKING pc=0x0000025c5a857143 sp=0x000000d40a5fc698 mode 3
Event: 8.164 Thread 0x0000025c677acd80 DEOPT PACKING pc=0x0000025c5ae75acc sp=0x000000d40a5fb7d0
Event: 8.164 Thread 0x0000025c677acd80 DEOPT UNPACKING pc=0x0000025c5a857143 sp=0x000000d40a5fac88 mode 0
Event: 8.813 Thread 0x0000025c677acd80 DEOPT PACKING pc=0x0000025c5af8db7d sp=0x000000d40a5fccd0
Event: 8.813 Thread 0x0000025c677acd80 DEOPT UNPACKING pc=0x0000025c5a857143 sp=0x000000d40a5fc238 mode 3
Event: 138.166 Thread 0x0000025c6918a380 DEOPT PACKING pc=0x0000025c5b216f99 sp=0x000000d4084fc550
Event: 138.167 Thread 0x0000025c6918a380 DEOPT UNPACKING pc=0x0000025c5a857143 sp=0x000000d4084fba38 mode 3

Classes unloaded (20 events):
Event: 28559.335 Thread 0x0000025c6280fcc0 Unloading class 0x0000000100bb0400 'java/lang/invoke/LambdaForm$MH+0x0000000100bb0400'
Event: 28559.335 Thread 0x0000025c6280fcc0 Unloading class 0x0000000100bb0000 'java/lang/invoke/LambdaForm$MH+0x0000000100bb0000'
Event: 28559.335 Thread 0x0000025c6280fcc0 Unloading class 0x0000000100bbec00 'java/lang/invoke/LambdaForm$MH+0x0000000100bbec00'
Event: 28559.335 Thread 0x0000025c6280fcc0 Unloading class 0x0000000100bbe800 'java/lang/invoke/LambdaForm$MH+0x0000000100bbe800'
Event: 28559.335 Thread 0x0000025c6280fcc0 Unloading class 0x0000000100bb0c00 'java/lang/invoke/LambdaForm$MH+0x0000000100bb0c00'
Event: 28559.335 Thread 0x0000025c6280fcc0 Unloading class 0x0000000100baf000 'java/lang/invoke/LambdaForm$MH+0x0000000100baf000'
Event: 28559.335 Thread 0x0000025c6280fcc0 Unloading class 0x0000000100bad800 'java/lang/invoke/LambdaForm$MH+0x0000000100bad800'
Event: 28559.335 Thread 0x0000025c6280fcc0 Unloading class 0x0000000100bad400 'java/lang/invoke/LambdaForm$MH+0x0000000100bad400'
Event: 28559.335 Thread 0x0000025c6280fcc0 Unloading class 0x0000000100bbe400 'java/lang/invoke/LambdaForm$MH+0x0000000100bbe400'
Event: 28559.335 Thread 0x0000025c6280fcc0 Unloading class 0x0000000100bc0800 'java/lang/invoke/LambdaForm$MH+0x0000000100bc0800'
Event: 28585.159 Thread 0x0000025c6280fcc0 Unloading class 0x0000000100baf800 'jdk/internal/reflect/GeneratedSerializationConstructorAccessor225'
Event: 28585.159 Thread 0x0000025c6280fcc0 Unloading class 0x0000000100bc6400 'jdk/internal/reflect/GeneratedSerializationConstructorAccessor222'
Event: 28585.159 Thread 0x0000025c6280fcc0 Unloading class 0x0000000100bc6000 'jdk/internal/reflect/GeneratedSerializationConstructorAccessor221'
Event: 28585.159 Thread 0x0000025c6280fcc0 Unloading class 0x0000000100bd2c00 'jdk/internal/reflect/GeneratedSerializationConstructorAccessor218'
Event: 28585.159 Thread 0x0000025c6280fcc0 Unloading class 0x0000000100bd9348 'org/apache/catalina/loader/JdbcLeakPrevention'
Event: 28585.159 Thread 0x0000025c6280fcc0 Unloading class 0x0000000100bd9000 'jdk/proxy53/$Proxy276'
Event: 28655.626 Thread 0x0000025c6280fcc0 Unloading class 0x0000000100bda348 'org/apache/catalina/loader/JdbcLeakPrevention'
Event: 28655.627 Thread 0x0000025c6280fcc0 Unloading class 0x0000000100bda000 'jdk/proxy55/$Proxy282'
Event: 28670.226 Thread 0x0000025c6280fcc0 Unloading class 0x0000000100be9800 'org/apache/catalina/loader/JdbcLeakPrevention'
Event: 28670.226 Thread 0x0000025c6280fcc0 Unloading class 0x0000000100be4c00 'jdk/proxy57/$Proxy288'

Classes redefined (0 events):
No events

Internal exceptions (20 events):
Event: 28670.386 Thread 0x0000025c692475d0 Exception <a 'sun/nio/fs/WindowsException'{0x00000000c7d8dc08}> (0x00000000c7d8dc08) 
thrown [s\src\hotspot\share\prims\jni.cpp, line 516]
Event: 28670.474 Thread 0x0000025c692475d0 Exception <a 'sun/nio/fs/WindowsException'{0x00000000c7a6a510}> (0x00000000c7a6a510) 
thrown [s\src\hotspot\share\prims\jni.cpp, line 516]
Event: 28671.489 Thread 0x0000025c692475d0 Exception <a 'sun/nio/fs/WindowsException'{0x00000000c65b9698}> (0x00000000c65b9698) 
thrown [s\src\hotspot\share\prims\jni.cpp, line 516]
Event: 28671.579 Thread 0x0000025c692475d0 Exception <a 'sun/nio/fs/WindowsException'{0x00000000c6467fe0}> (0x00000000c6467fe0) 
thrown [s\src\hotspot\share\prims\jni.cpp, line 516]
Event: 28671.826 Thread 0x0000025c692475d0 Exception <a 'java/lang/NoClassDefFoundError'{0x00000000c5f39838}: org/flywaydb/core/Flyway> (0x00000000c5f39838) 
thrown [s\src\hotspot\share\oops\constantPool.cpp, line 835]
Event: 28671.826 Thread 0x0000025c692475d0 Exception <a 'java/lang/NoClassDefFoundError'{0x00000000c5f39e88}: liquibase/integration/spring/SpringLiquibase> (0x00000000c5f39e88) 
thrown [s\src\hotspot\share\oops\constantPool.cpp, line 835]
Event: 28671.836 Thread 0x0000025c692475d0 Exception <a 'java/lang/NoClassDefFoundError'{0x00000000c5fa9b88}: org/jooq/DSLContext> (0x00000000c5fa9b88) 
thrown [s\src\hotspot\share\oops\constantPool.cpp, line 835]
Event: 28671.837 Thread 0x0000025c692475d0 Exception <a 'java/lang/NoClassDefFoundError'{0x00000000c5fb7328}: org/springframework/batch/core/repository/JobRepository> (0x00000000c5fb7328) 
thrown [s\src\hotspot\share\oops\constantPool.cpp, line 835]
Event: 28671.837 Thread 0x0000025c692475d0 Exception <a 'java/lang/NoClassDefFoundError'{0x00000000c5fb7970}: org/quartz/Scheduler> (0x00000000c5fb7970) 
thrown [s\src\hotspot\share\oops\constantPool.cpp, line 835]
Event: 28671.837 Thread 0x0000025c692475d0 Exception <a 'java/lang/NoClassDefFoundError'{0x00000000c5fb7fe0}: org/springframework/session/jdbc/JdbcIndexedSessionRepository> (0x00000000c5fb7fe0) 
thrown [s\src\hotspot\share\oops\constantPool.cpp, line 835]
Event: 28672.422 Thread 0x0000025c692475d0 Exception <a 'sun/nio/fs/WindowsException'{0x00000000c5507580}> (0x00000000c5507580) 
thrown [s\src\hotspot\share\prims\jni.cpp, line 516]
Event: 28672.423 Thread 0x0000025c692475d0 Exception <a 'sun/nio/fs/WindowsException'{0x00000000c5507c80}> (0x00000000c5507c80) 
thrown [s\src\hotspot\share\prims\jni.cpp, line 516]
Event: 28672.423 Thread 0x0000025c692475d0 Exception <a 'sun/nio/fs/WindowsException'{0x00000000c5508360}> (0x00000000c5508360) 
thrown [s\src\hotspot\share\prims\jni.cpp, line 516]
Event: 28672.469 Thread 0x0000025c692475d0 Exception <a 'java/io/FileNotFoundException'{0x00000000c5540808}> (0x00000000c5540808) 
thrown [s\src\hotspot\share\prims\jni.cpp, line 516]
Event: 28672.768 Thread 0x0000025c692475d0 Exception <a 'sun/nio/fs/WindowsException'{0x00000000c4eb32d8}> (0x00000000c4eb32d8) 
thrown [s\src\hotspot\share\prims\jni.cpp, line 516]
Event: 28673.253 Thread 0x0000025c692475d0 Exception <a 'java/lang/reflect/InvocationTargetException'{0x00000000c713a2c0}> (0x00000000c713a2c0) 
thrown [s\src\hotspot\share\runtime\reflection.cpp, line 1121]
Event: 28673.395 Thread 0x0000025c692475d0 Exception <a 'java/io/FileNotFoundException'{0x00000000c6e323c0}> (0x00000000c6e323c0) 
thrown [s\src\hotspot\share\prims\jni.cpp, line 516]
Event: 28673.513 Thread 0x0000025c692475d0 Exception <a 'java/lang/reflect/InvocationTargetException'{0x00000000c6ba7288}> (0x00000000c6ba7288) 
thrown [s\src\hotspot\share\runtime\reflection.cpp, line 1121]
Event: 28674.800 Thread 0x0000025c692475d0 Exception <a 'sun/nio/fs/WindowsException'{0x00000000c60b34c0}> (0x00000000c60b34c0) 
thrown [s\src\hotspot\share\prims\jni.cpp, line 516]
Event: 28681.564 Thread 0x0000025c69249780 Exception <a 'java/lang/InterruptedException'{0x00000000c7670a00}: sleep interrupted> (0x00000000c7670a00) 
thrown [s\src\hotspot\share\prims\jvm.cpp, line 3070]

VM Operations (20 events):
Event: 28663.747 Executing VM operation: Cleanup done
Event: 28665.748 Executing VM operation: Cleanup
Event: 28665.748 Executing VM operation: Cleanup done
Event: 28667.748 Executing VM operation: Cleanup
Event: 28667.749 Executing VM operation: Cleanup done
Event: 28670.182 Executing VM operation: G1CollectFull
Event: 28670.329 Executing VM operation: G1CollectFull done
Event: 28672.330 Executing VM operation: Cleanup
Event: 28672.330 Executing VM operation: Cleanup done
Event: 28672.840 Executing VM operation: G1CollectForAllocation
Event: 28672.856 Executing VM operation: G1CollectForAllocation done
Event: 28673.016 Executing VM operation: G1Concurrent
Event: 28673.029 Executing VM operation: G1Concurrent done
Event: 28673.085 Executing VM operation: G1Concurrent
Event: 28673.086 Executing VM operation: G1Concurrent done
Event: 28674.086 Executing VM operation: Cleanup
Event: 28674.086 Executing VM operation: Cleanup done
Event: 28675.651 Executing VM operation: G1CollectForAllocation
Event: 28675.684 Executing VM operation: G1CollectForAllocation done
Event: 28681.565 Executing VM operation: G1CollectFull

Events (20 events):
Event: 28681.203 Thread 0x0000025c69246c30 Thread exited: 0x0000025c69246c30
Event: 28681.209 Thread 0x0000025c6918f550 Thread added: 0x0000025c6918f550
Event: 28681.541 Thread 0x0000025c6918f550 Thread exited: 0x0000025c6918f550
Event: 28681.541 Thread 0x0000025c691881d0 Thread exited: 0x0000025c691881d0
Event: 28681.542 Thread 0x0000025c6918e210 Thread exited: 0x0000025c6918e210
Event: 28681.542 Thread 0x0000025c6918c060 Thread exited: 0x0000025c6918c060
Event: 28681.542 Thread 0x0000025c6918d3a0 Thread exited: 0x0000025c6918d3a0
Event: 28681.542 Thread 0x0000025c6918b1f0 Thread exited: 0x0000025c6918b1f0
Event: 28681.542 Thread 0x0000025c69246290 Thread exited: 0x0000025c69246290
Event: 28681.542 Thread 0x0000025c6918c530 Thread exited: 0x0000025c6918c530
Event: 28681.543 Thread 0x0000025c6918f080 Thread exited: 0x0000025c6918f080
Event: 28681.543 Thread 0x0000025c6918a380 Thread exited: 0x0000025c6918a380
Event: 28681.543 Thread 0x0000025c6918d870 Thread exited: 0x0000025c6918d870
Event: 28681.543 Thread 0x0000025c6918ad20 Thread exited: 0x0000025c6918ad20
Event: 28681.543 Thread 0x0000025c691886a0 Thread exited: 0x0000025c691886a0
Event: 28681.549 Thread 0x0000025c6918d3a0 Thread added: 0x0000025c6918d3a0
Event: 28681.550 Thread 0x0000025c69246760 Thread exited: 0x0000025c69246760
Event: 28681.556 Thread 0x0000025c6918d3a0 Thread exited: 0x0000025c6918d3a0
Event: 28681.564 Thread 0x0000025c69247100 Thread exited: 0x0000025c69247100
Event: 28681.564 Thread 0x0000025c69249780 Thread exited: 0x0000025c69249780


Dynamic libraries:
0x00007ff70d830000 - 0x00007ff70d83e000 	E:\Software\sts-4.19.1.RELEASE\plugins\org.eclipse.justj.openjdk.hotspot.jre.full.win32.x86_64_17.0.7.v20230425-1502\jre\bin\javaw.exe
0x00007ff970eb0000 - 0x00007ff9710a9000 	C:\WINDOWS\SYSTEM32\ntdll.dll
0x00007ff9705b0000 - 0x00007ff970672000 	C:\WINDOWS\System32\KERNEL32.DLL
0x00007ff96e980000 - 0x00007ff96ec77000 	C:\WINDOWS\System32\KERNELBASE.dll
0x00007ff96ed00000 - 0x00007ff96ee00000 	C:\WINDOWS\System32\ucrtbase.dll
0x00007ff969e10000 - 0x00007ff969e27000 	E:\Software\sts-4.19.1.RELEASE\plugins\org.eclipse.justj.openjdk.hotspot.jre.full.win32.x86_64_17.0.7.v20230425-1502\jre\bin\jli.dll
0x00007ff96c610000 - 0x00007ff96c629000 	E:\Software\sts-4.19.1.RELEASE\plugins\org.eclipse.justj.openjdk.hotspot.jre.full.win32.x86_64_17.0.7.v20230425-1502\jre\bin\VCRUNTIME140.dll
0x00007ff970970000 - 0x00007ff970b0d000 	C:\WINDOWS\System32\USER32.dll
0x00007ff96e670000 - 0x00007ff96e692000 	C:\WINDOWS\System32\win32u.dll
0x00007ff96d940000 - 0x00007ff96dbdb000 	C:\WINDOWS\WinSxS\amd64_microsoft.windows.common-controls_6595b64144ccf1df_6.0.19041.7663_none_60b9ed0b71f50c93\COMCTL32.dll
0x00007ff96f620000 - 0x00007ff96f64b000 	C:\WINDOWS\System32\GDI32.dll
0x00007ff96f030000 - 0x00007ff96f0ce000 	C:\WINDOWS\System32\msvcrt.dll
0x00007ff96e520000 - 0x00007ff96e63a000 	C:\WINDOWS\System32\gdi32full.dll
0x00007ff96e800000 - 0x00007ff96e89d000 	C:\WINDOWS\System32\msvcp_win.dll
0x00007ff96f5f0000 - 0x00007ff96f61f000 	C:\WINDOWS\System32\IMM32.DLL
0x00007ff96e030000 - 0x00007ff96e03c000 	E:\Software\sts-4.19.1.RELEASE\plugins\org.eclipse.justj.openjdk.hotspot.jre.full.win32.x86_64_17.0.7.v20230425-1502\jre\bin\vcruntime140_1.dll
0x00007ff95db90000 - 0x00007ff95dc21000 	E:\Software\sts-4.19.1.RELEASE\plugins\org.eclipse.justj.openjdk.hotspot.jre.full.win32.x86_64_17.0.7.v20230425-1502\jre\bin\msvcp140.dll
0x00007ff933120000 - 0x00007ff933d68000 	E:\Software\sts-4.19.1.RELEASE\plugins\org.eclipse.justj.openjdk.hotspot.jre.full.win32.x86_64_17.0.7.v20230425-1502\jre\bin\server\jvm.dll
0x00007ff96f530000 - 0x00007ff96f5e2000 	C:\WINDOWS\System32\ADVAPI32.dll
0x00007ff96fdd0000 - 0x00007ff96fe70000 	C:\WINDOWS\System32\sechost.dll
0x00007ff970830000 - 0x00007ff970956000 	C:\WINDOWS\System32\RPCRT4.dll
0x00007ff96e640000 - 0x00007ff96e667000 	C:\WINDOWS\System32\bcrypt.dll
0x00007ff96c340000 - 0x00007ff96c349000 	C:\WINDOWS\SYSTEM32\WSOCK32.dll
0x00007ff95d8b0000 - 0x00007ff95d8d7000 	C:\WINDOWS\SYSTEM32\WINMM.dll
0x00007ff96f180000 - 0x00007ff96f1eb000 	C:\WINDOWS\System32\WS2_32.dll
0x00007ff95d2c0000 - 0x00007ff95d2ca000 	C:\WINDOWS\SYSTEM32\VERSION.dll
0x00007ff96b800000 - 0x00007ff96b812000 	C:\WINDOWS\SYSTEM32\kernel.appcore.dll
0x00007ff96c330000 - 0x00007ff96c33a000 	E:\Software\sts-4.19.1.RELEASE\plugins\org.eclipse.justj.openjdk.hotspot.jre.full.win32.x86_64_17.0.7.v20230425-1502\jre\bin\jimage.dll
0x00007ff96ddf0000 - 0x00007ff96dff1000 	C:\WINDOWS\SYSTEM32\DBGHELP.DLL
0x00007ff96ddb0000 - 0x00007ff96dde4000 	C:\WINDOWS\SYSTEM32\dbgcore.DLL
0x00007ff96e8f0000 - 0x00007ff96e972000 	C:\WINDOWS\System32\bcryptPrimitives.dll
0x00007ff967610000 - 0x00007ff967635000 	E:\Software\sts-4.19.1.RELEASE\plugins\org.eclipse.justj.openjdk.hotspot.jre.full.win32.x86_64_17.0.7.v20230425-1502\jre\bin\java.dll
0x00007ff969350000 - 0x00007ff969368000 	E:\Software\sts-4.19.1.RELEASE\plugins\org.eclipse.justj.openjdk.hotspot.jre.full.win32.x86_64_17.0.7.v20230425-1502\jre\bin\zip.dll
0x00007ff96f650000 - 0x00007ff96fdc1000 	C:\WINDOWS\System32\SHELL32.dll
0x00007ff96b820000 - 0x00007ff96bfcc000 	C:\WINDOWS\SYSTEM32\windows.storage.dll
0x00007ff970b10000 - 0x00007ff970e63000 	C:\WINDOWS\System32\combase.dll
0x00007ff96d6d0000 - 0x00007ff96d6fb000 	C:\WINDOWS\SYSTEM32\Wldp.dll
0x00007ff9704c0000 - 0x00007ff970596000 	C:\WINDOWS\System32\OLEAUT32.dll
0x00007ff96fe70000 - 0x00007ff96ff1d000 	C:\WINDOWS\System32\SHCORE.dll
0x00007ff96eeb0000 - 0x00007ff96ef0b000 	C:\WINDOWS\System32\shlwapi.dll
0x00007ff96e450000 - 0x00007ff96e475000 	C:\WINDOWS\SYSTEM32\profapi.dll
0x00007ff966bf0000 - 0x00007ff966c09000 	E:\Software\sts-4.19.1.RELEASE\plugins\org.eclipse.justj.openjdk.hotspot.jre.full.win32.x86_64_17.0.7.v20230425-1502\jre\bin\net.dll
0x00007ff9642f0000 - 0x00007ff9643fd000 	C:\WINDOWS\SYSTEM32\WINHTTP.dll
0x00007ff96d480000 - 0x00007ff96d4ea000 	C:\WINDOWS\system32\mswsock.dll
0x00007ff966bd0000 - 0x00007ff966be5000 	E:\Software\sts-4.19.1.RELEASE\plugins\org.eclipse.justj.openjdk.hotspot.jre.full.win32.x86_64_17.0.7.v20230425-1502\jre\bin\nio.dll
0x00007ff96c600000 - 0x00007ff96c609000 	E:\Software\sts-4.19.1.RELEASE\plugins\org.eclipse.justj.openjdk.hotspot.jre.full.win32.x86_64_17.0.7.v20230425-1502\jre\bin\management.dll
0x00007ff96c5f0000 - 0x00007ff96c5fb000 	E:\Software\sts-4.19.1.RELEASE\plugins\org.eclipse.justj.openjdk.hotspot.jre.full.win32.x86_64_17.0.7.v20230425-1502\jre\bin\management_ext.dll
0x00007ff96f350000 - 0x00007ff96f358000 	C:\WINDOWS\System32\PSAPI.DLL
0x00007ff966840000 - 0x00007ff966857000 	C:\WINDOWS\system32\napinsp.dll
0x00007ff94cb10000 - 0x00007ff94cb2b000 	C:\WINDOWS\system32\pnrpnsp.dll
0x00007ff9681e0000 - 0x00007ff9681fd000 	C:\WINDOWS\system32\NLAapi.dll
0x00007ff96d180000 - 0x00007ff96d1bb000 	C:\WINDOWS\SYSTEM32\IPHLPAPI.DLL
0x00007ff96d1c0000 - 0x00007ff96d28c000 	C:\WINDOWS\SYSTEM32\DNSAPI.dll
0x00007ff970960000 - 0x00007ff970968000 	C:\WINDOWS\System32\NSI.dll
0x00007ff94c6c0000 - 0x00007ff94c6d2000 	C:\WINDOWS\System32\winrnr.dll
0x00007ff969ee0000 - 0x00007ff969efd000 	C:\WINDOWS\system32\wshbth.dll
0x00007ff965b40000 - 0x00007ff965b4a000 	C:\Windows\System32\rasadhlp.dll
0x00007ff9637f0000 - 0x00007ff963870000 	C:\WINDOWS\System32\fwpuclnt.dll
0x00007ff96e1b0000 - 0x00007ff96e1c8000 	C:\WINDOWS\SYSTEM32\CRYPTSP.dll
0x00007ff96ce20000 - 0x00007ff96ce58000 	C:\WINDOWS\system32\rsaenh.dll
0x00007ff96e3c0000 - 0x00007ff96e3ee000 	C:\WINDOWS\SYSTEM32\USERENV.dll
0x00007ff96d640000 - 0x00007ff96d64c000 	C:\WINDOWS\SYSTEM32\CRYPTBASE.dll
0x00007ff964040000 - 0x00007ff964057000 	C:\WINDOWS\SYSTEM32\dhcpcsvc6.DLL
0x00007ff963fc0000 - 0x00007ff963fde000 	C:\WINDOWS\SYSTEM32\dhcpcsvc.DLL
0x00007ff96e070000 - 0x00007ff96e07e000 	E:\Software\sts-4.19.1.RELEASE\plugins\org.eclipse.justj.openjdk.hotspot.jre.full.win32.x86_64_17.0.7.v20230425-1502\jre\bin\sunmscapi.dll
0x00007ff96e6a0000 - 0x00007ff96e7fd000 	C:\WINDOWS\System32\CRYPT32.dll
0x00007ff96d820000 - 0x00007ff96d847000 	C:\WINDOWS\SYSTEM32\ncrypt.dll
0x00007ff96d7e0000 - 0x00007ff96d81b000 	C:\WINDOWS\SYSTEM32\NTASN1.dll
0x00007ff96c290000 - 0x00007ff96c2a0000 	E:\Software\sts-4.19.1.RELEASE\plugins\org.eclipse.justj.openjdk.hotspot.jre.full.win32.x86_64_17.0.7.v20230425-1502\jre\bin\verify.dll
0x00007ff966360000 - 0x00007ff966367000 	C:\WINDOWS\system32\wshunix.dll

dbghelp: loaded successfully - version: 4.0.5 - missing functions: none
symbol engine: initialized successfully - sym options: 0x614 - pdb path: .;E:\Software\sts-4.19.1.RELEASE\plugins\org.eclipse.justj.openjdk.hotspot.jre.full.win32.x86_64_17.0.7.v20230425-1502\jre\bin;C:\WINDOWS\SYSTEM32;C:\WINDOWS\WinSxS\amd64_microsoft.windows.common-controls_6595b64144ccf1df_6.0.19041.7663_none_60b9ed0b71f50c93;E:\Software\sts-4.19.1.RELEASE\plugins\org.eclipse.justj.openjdk.hotspot.jre.full.win32.x86_64_17.0.7.v20230425-1502\jre\bin\server

VM Arguments:
jvm_args: -Dcom.sun.management.jmxremote -Dcom.sun.management.jmxremote.port=65079 -Dcom.sun.management.jmxremote.authenticate=false -Dcom.sun.management.jmxremote.ssl=false -Djava.rmi.server.hostname=localhost -Dspring.jmx.enabled=true -Dmanagement.endpoints.jmx.exposure.include=* -Dspring.application.admin.enabled=true -XX:TieredStopAtLevel=1 -Dspring.boot.project.name=Maa-Sharda-Academy -Dfile.encoding=UTF-8 -XX:+ShowCodeDetailsInExceptionMessages 
java_command: com.academy.MaaShardaAcademyApplication --spring.output.ansi.enabled=always
java_class_path (initial): E:\STS-Projects\Maa-Sharda-Academy\target\classes;C:\Users\KAUSAL\.m2\repository\org\springframework\boot\spring-boot-starter-data-jpa\3.4.1\spring-boot-starter-data-jpa-3.4.1.jar;C:\Users\KAUSAL\.m2\repository\org\springframework\boot\spring-boot-starter\3.4.1\spring-boot-starter-3.4.1.jar;C:\Users\KAUSAL\.m2\repository\org\springframework\boot\spring-boot-starter-logging\3.4.1\spring-boot-starter-logging-3.4.1.jar;C:\Users\KAUSAL\.m2\repository\ch\qos\logback\logback-classic\1.5.12\logback-classic-1.5.12.jar;C:\Users\KAUSAL\.m2\repository\ch\qos\logback\logback-core\1.5.12\logback-core-1.5.12.jar;C:\Users\KAUSAL\.m2\repository\org\apache\logging\log4j\log4j-to-slf4j\2.24.3\log4j-to-slf4j-2.24.3.jar;C:\Users\KAUSAL\.m2\repository\org\apache\logging\log4j\log4j-api\2.24.3\log4j-api-2.24.3.jar;C:\Users\KAUSAL\.m2\repository\org\slf4j\jul-to-slf4j\2.0.16\jul-to-slf4j-2.0.16.jar;C:\Users\KAUSAL\.m2\repository\jakarta\annotation\jakarta.annotation-api\2.1.1\jakarta.annotation-api-2.1.1.jar;C:\Users\KAUSAL\.m2\repository\org\springframework\spring-core\6.2.1\spring-core-6.2.1.jar;C:\Users\KAUSAL\.m2\repository\org\springframework\spring-jcl\6.2.1\spring-jcl-6.2.1.jar;C:\Users\KAUSAL\.m2\repository\org\yaml\snakeyaml\2.3\snakeyaml-2.3.jar;C:\Users\KAUSAL\.m2\repository\org\springframework\boot\spring-boot-starter-jdbc\3.4.1\spring-boot-starter-jdbc-3.4.1.jar;C:\Users\KAUSAL\.m2\repository\com\zaxxer\HikariCP\5.1.0\HikariCP-5.1.0.jar;C:\Users\KAUSAL\.m2\repository\org\springframework\spring-jdbc\6.2.1\spring-jdbc-6.2.1.jar;C:\Users\KAUSAL\.m2\repository\org\hibernate\orm\hibernate-core\6.6.4.Final\hibernate-core-6.6.4.Final.jar;C:\Users\KAUSAL\.m2\repository\jakarta\persistence\jakarta.persistence-api\3.1.0\jakarta.persistence-api-3.1.0.jar;C:\Users\KAUSAL\.m2\repository\jakarta\transaction\jakarta.transaction-api\2.0.1\jakarta.transaction-api-2.0.1.jar;C:\Users\KAUSAL\.m2\repository\org\jboss\logging\jboss-logging\3.6.1.Final\jboss-logging-3.6
Launcher Type: SUN_STANDARD

[Global flags]
     intx CICompilerCount                          = 3                                         {product} {ergonomic}
     uint ConcGCThreads                            = 1                                         {product} {ergonomic}
     uint G1ConcRefinementThreads                  = 4                                         {product} {ergonomic}
   size_t G1HeapRegionSize                         = 1048576                                   {product} {ergonomic}
    uintx GCDrainStackTargetSize                   = 64                                        {product} {ergonomic}
   size_t InitialHeapSize                          = 67108864                                  {product} {ergonomic}
     bool ManagementServer                         = true                                      {product} {command line}
   size_t MarkStackSize                            = 4194304                                   {product} {ergonomic}
   size_t MaxHeapSize                              = 1050673152                                {product} {ergonomic}
   size_t MaxNewSize                               = 630194176                                 {product} {ergonomic}
   size_t MinHeapDeltaBytes                        = 1048576                                   {product} {ergonomic}
   size_t MinHeapSize                              = 8388608                                   {product} {ergonomic}
    uintx NonProfiledCodeHeapSize                  = 0                                      {pd product} {ergonomic}
     bool ProfileInterpreter                       = false                                  {pd product} {command line}
    uintx ProfiledCodeHeapSize                     = 0                                      {pd product} {ergonomic}
     bool ShowCodeDetailsInExceptionMessages       = true                                   {manageable} {command line}
   size_t SoftMaxHeapSize                          = 1050673152                             {manageable} {ergonomic}
     intx TieredStopAtLevel                        = 1                                         {product} {command line}
     bool UseCompressedClassPointers               = true                           {product lp64_product} {ergonomic}
     bool UseCompressedOops                        = true                           {product lp64_product} {ergonomic}
     bool UseG1GC                                  = true                                      {product} {ergonomic}
     bool UseLargePagesIndividualAllocation        = false                                  {pd product} {ergonomic}

Logging:
Log output configuration:
 #0: stdout all=warning uptime,level,tags
 #1: stderr all=off uptime,level,tags

Environment Variables:
JAVA_HOME=C:\Program Files\Java\jdk-17
PATH=E:/Software/sts-4.19.1.RELEASE//plugins/org.eclipse.justj.openjdk.hotspot.jre.full.win32.x86_64_17.0.7.v20230425-1502/jre/bin/server;E:/Software/sts-4.19.1.RELEASE//plugins/org.eclipse.justj.openjdk.hotspot.jre.full.win32.x86_64_17.0.7.v20230425-1502/jre/bin;C:\Program Files\Common Files\Oracle\Java\javapath;C:\WINDOWS\system32;C:\WINDOWS;C:\WINDOWS\System32\Wbem;C:\WINDOWS\System32\WindowsPowerShell\v1.0\;C:\WINDOWS\System32\OpenSSH\;C:\Program Files\nodejs\;C:\Program Files\Git\cmd;C:\Program Files\MySQL\MySQL Server 8.0\bin;E:\apache-maven\bin;C:\Program Files\Eclipse Adoptium\jdk-17.0.19.10-hotspot\bin;C:\Program Files\MySQL\MySQL Shell 8.0\bin\;C:\Users\KAUSAL\AppData\Local\Microsoft\WindowsApps;C:\Users\KAUSAL\AppData\Roaming\npm;C:\Users\KAUSAL\AppData\Local\Programs\Microsoft VS Code\bin;C:\Program Files\Java\jdk-17\bin;;E:\Software\sts-4.19.1.RELEASE;
USERNAME=KAUSAL
OS=Windows_NT
PROCESSOR_IDENTIFIER=Intel64 Family 6 Model 78 Stepping 3, GenuineIntel
TMP=C:\Users\KAUSAL\AppData\Local\Temp
TEMP=C:\Users\KAUSAL\AppData\Local\Temp



---------------  S Y S T E M  ---------------

OS:
 Windows 10 , 64 bit Build 19041 (10.0.19041.7663)
OS uptime: 1 days 7:14 hours
Hyper-V role detected

CPU: total 4 (initial active 4) (2 cores per cpu, 2 threads per core) family 6 model 78 stepping 3 microcode 0xf0, cx8, cmov, fxsr, ht, mmx, 3dnowpref, sse, sse2, sse3, ssse3, sse4.1, sse4.2, popcnt, lzcnt, tsc, tscinvbit, avx, avx2, aes, erms, clmul, bmi1, bmi2, adx, fma, vzeroupper, clflush, clflushopt, hv

Memory: 4k page, system-wide physical 4002M (290M free)
TotalPageFile size 12194M (AvailPageFile size 36M)
current process WorkingSet (physical memory assigned to process): 142M, peak: 257M
current process commit charge ("private bytes"): 318M, peak: 411M

vm_info: OpenJDK 64-Bit Server VM (17.0.7+7) for windows-amd64 JRE (17.0.7+7), built on Apr 18 2023 22:10:42 by "temurin" with MS VC++ 16.7 (VS2019)

END.
